Component: ARM Compiler 5.06 update 6 (build 750) Tool: armlink [4d35ed]

==============================================================================

Section Cross References

    system_stm32f1xx.o(i.SystemCoreClockUpdate) refers to system_stm32f1xx.o(.data) for .data
    system_stm32f1xx.o(i.SystemCoreClockUpdate) refers to system_stm32f1xx.o(.constdata) for .constdata
    stm32f1xx_hal_i2c.o(i.HAL_I2C_DeInit) refers to stm32f1xx_hal_msp.o(i.HAL_I2C_MspDeInit) for HAL_I2C_MspDeInit
    stm32f1xx_hal_i2c.o(i.HAL_I2C_ER_IRQHandler) refers to stm32f1xx_hal_i2c.o(i.I2C_Slave_AF) for I2C_Slave_AF
    stm32f1xx_hal_i2c.o(i.HAL_I2C_ER_IRQHandler) refers to stm32f1xx_hal_i2c.o(i.I2C_ITError) for I2C_ITError
    stm32f1xx_hal_i2c.o(i.HAL_I2C_EV_IRQHandler) refers to stm32f1xx_hal_i2c.o(i.I2C_Master_SB) for I2C_Master_SB
    stm32f1xx_hal_i2c.o(i.HAL_I2C_EV_IRQHandler) refers to stm32f1xx_hal_i2c.o(i.I2C_Master_ADDR) for I2C_Master_ADDR
    stm32f1xx_hal_i2c.o(i.HAL_I2C_EV_IRQHandler) refers to stm32f1xx_hal_i2c.o(i.I2C_MasterTransmit_TXE) for I2C_MasterTransmit_TXE
    stm32f1xx_hal_i2c.o(i.HAL_I2C_EV_IRQHandler) refers to stm32f1xx_hal_i2c.o(i.I2C_MasterTransmit_BTF) for I2C_MasterTransmit_BTF
    stm32f1xx_hal_i2c.o(i.HAL_I2C_EV_IRQHandler) refers to stm32f1xx_hal_i2c.o(i.I2C_MasterReceive_RXNE) for I2C_MasterReceive_RXNE
    stm32f1xx_hal_i2c.o(i.HAL_I2C_EV_IRQHandler) refers to stm32f1xx_hal_i2c.o(i.I2C_MasterReceive_BTF) for I2C_MasterReceive_BTF
    stm32f1xx_hal_i2c.o(i.HAL_I2C_EV_IRQHandler) refers to stm32f1xx_hal_i2c.o(i.HAL_I2C_AddrCallback) for HAL_I2C_AddrCallback
    stm32f1xx_hal_i2c.o(i.HAL_I2C_EV_IRQHandler) refers to stm32f1xx_hal_i2c.o(i.I2C_Slave_STOPF) for I2C_Slave_STOPF
    stm32f1xx_hal_i2c.o(i.HAL_I2C_EV_IRQHandler) refers to stm32f1xx_hal_i2c.o(i.HAL_I2C_SlaveTxCpltCallback) for HAL_I2C_SlaveTxCpltCallback
    stm32f1xx_hal_i2c.o(i.HAL_I2C_EV_IRQHandler) refers to stm32f1xx_hal_i2c.o(i.HAL_I2C_SlaveRxCpltCallback) for HAL_I2C_SlaveRxCpltCallback
    stm32f1xx_hal_i2c.o(i.HAL_I2C_Init) refers to stm32f1xx_hal_msp.o(i.HAL_I2C_MspInit) for HAL_I2C_MspInit
    stm32f1xx_hal_i2c.o(i.HAL_I2C_Init) refers to stm32f1xx_hal_rcc.o(i.HAL_RCC_GetPCLK1Freq) for HAL_RCC_GetPCLK1Freq
    stm32f1xx_hal_i2c.o(i.HAL_I2C_IsDeviceReady) refers to stm32f1xx_hal.o(i.HAL_GetTick) for HAL_GetTick
    stm32f1xx_hal_i2c.o(i.HAL_I2C_IsDeviceReady) refers to stm32f1xx_hal_i2c.o(i.I2C_WaitOnFlagUntilTimeout) for I2C_WaitOnFlagUntilTimeout
    stm32f1xx_hal_i2c.o(i.HAL_I2C_Master_Abort_IT) refers to stm32f1xx_hal_i2c.o(i.I2C_ITError) for I2C_ITError
    stm32f1xx_hal_i2c.o(i.HAL_I2C_Master_Receive) refers to stm32f1xx_hal.o(i.HAL_GetTick) for HAL_GetTick
    stm32f1xx_hal_i2c.o(i.HAL_I2C_Master_Receive) refers to stm32f1xx_hal_i2c.o(i.I2C_WaitOnFlagUntilTimeout) for I2C_WaitOnFlagUntilTimeout
    stm32f1xx_hal_i2c.o(i.HAL_I2C_Master_Receive) refers to stm32f1xx_hal_i2c.o(i.I2C_MasterRequestRead) for I2C_MasterRequestRead
    stm32f1xx_hal_i2c.o(i.HAL_I2C_Master_Receive) refers to stm32f1xx_hal_i2c.o(i.I2C_WaitOnRXNEFlagUntilTimeout) for I2C_WaitOnRXNEFlagUntilTimeout
    stm32f1xx_hal_i2c.o(i.HAL_I2C_Master_Receive_DMA) refers to stm32f1xx_hal_dma.o(i.HAL_DMA_Start_IT) for HAL_DMA_Start_IT
    stm32f1xx_hal_i2c.o(i.HAL_I2C_Master_Receive_DMA) refers to system_stm32f1xx.o(.data) for SystemCoreClock
    stm32f1xx_hal_i2c.o(i.HAL_I2C_Master_Receive_DMA) refers to stm32f1xx_hal_i2c.o(i.I2C_DMAXferCplt) for I2C_DMAXferCplt
    stm32f1xx_hal_i2c.o(i.HAL_I2C_Master_Receive_DMA) refers to stm32f1xx_hal_i2c.o(i.I2C_DMAError) for I2C_DMAError
    stm32f1xx_hal_i2c.o(i.HAL_I2C_Master_Receive_IT) refers to system_stm32f1xx.o(.data) for SystemCoreClock
    stm32f1xx_hal_i2c.o(i.HAL_I2C_Master_Sequential_Receive_IT) refers to system_stm32f1xx.o(.data) for SystemCoreClock
    stm32f1xx_hal_i2c.o(i.HAL_I2C_Master_Sequential_Transmit_IT) refers to system_stm32f1xx.o(.data) for SystemCoreClock
    stm32f1xx_hal_i2c.o(i.HAL_I2C_Master_Transmit) refers to stm32f1xx_hal.o(i.HAL_GetTick) for HAL_GetTick
    stm32f1xx_hal_i2c.o(i.HAL_I2C_Master_Transmit) refers to stm32f1xx_hal_i2c.o(i.I2C_WaitOnFlagUntilTimeout) for I2C_WaitOnFlagUntilTimeout
    stm32f1xx_hal_i2c.o(i.HAL_I2C_Master_Transmit) refers to stm32f1xx_hal_i2c.o(i.I2C_MasterRequestWrite) for I2C_MasterRequestWrite
    stm32f1xx_hal_i2c.o(i.HAL_I2C_Master_Transmit) refers to stm32f1xx_hal_i2c.o(i.I2C_WaitOnTXEFlagUntilTimeout) for I2C_WaitOnTXEFlagUntilTimeout
    stm32f1xx_hal_i2c.o(i.HAL_I2C_Master_Transmit) refers to stm32f1xx_hal_i2c.o(i.I2C_WaitOnBTFFlagUntilTimeout) for I2C_WaitOnBTFFlagUntilTimeout
    stm32f1xx_hal_i2c.o(i.HAL_I2C_Master_Transmit_DMA) refers to stm32f1xx_hal_dma.o(i.HAL_DMA_Start_IT) for HAL_DMA_Start_IT
    stm32f1xx_hal_i2c.o(i.HAL_I2C_Master_Transmit_DMA) refers to system_stm32f1xx.o(.data) for SystemCoreClock
    stm32f1xx_hal_i2c.o(i.HAL_I2C_Master_Transmit_DMA) refers to stm32f1xx_hal_i2c.o(i.I2C_DMAXferCplt) for I2C_DMAXferCplt
[...]
    dadd.o(.text) refers (Special) to iusefp.o(.text) for __I$use$fp
    dadd.o(.text) refers to llshl.o(.text) for __aeabi_llsl
    dadd.o(.text) refers to llsshr.o(.text) for __aeabi_lasr
    dadd.o(.text) refers to depilogue.o(.text) for _double_epilogue
    dmul.o(.text) refers (Special) to iusefp.o(.text) for __I$use$fp
    dmul.o(.text) refers to depilogue.o(.text) for _double_epilogue
    ddiv.o(.text) refers (Special) to iusefp.o(.text) for __I$use$fp
    ddiv.o(.text) refers to depilogue.o(.text) for _double_round
    fflti.o(.text) refers (Special) to iusefp.o(.text) for __I$use$fp
    fflti.o(.text) refers to fepilogue.o(.text) for _float_epilogue
    ffltui.o(.text) refers (Special) to iusefp.o(.text) for __I$use$fp
    ffltui.o(.text) refers to fepilogue.o(.text) for _float_epilogue
    f2d.o(.text) refers (Special) to iusefp.o(.text) for __I$use$fp
    d2f.o(.text) refers (Special) to iusefp.o(.text) for __I$use$fp
    d2f.o(.text) refers to fepilogue.o(.text) for _float_round
    dunder.o(i.__mathlib_dbl_divzero) refers to ddiv.o(.text) for __aeabi_ddiv
    dunder.o(i.__mathlib_dbl_infnan) refers to dscalb.o(.text) for __ARM_scalbn
    dunder.o(i.__mathlib_dbl_infnan2) refers to dadd.o(.text) for __aeabi_dadd
    dunder.o(i.__mathlib_dbl_invalid) refers to ddiv.o(.text) for __aeabi_ddiv
    dunder.o(i.__mathlib_dbl_overflow) refers to dscalb.o(.text) for __ARM_scalbn
    dunder.o(i.__mathlib_dbl_posinfnan) refers to dmul.o(.text) for __aeabi_dmul
    dunder.o(i.__mathlib_dbl_underflow) refers to dscalb.o(.text) for __ARM_scalbn
    fpclassify.o(i.__ARM_fpclassify) refers (Special) to iusefp.o(.text) for __I$use$fp
    poly.o(i.__kernel_poly) refers (Special) to iusefp.o(.text) for __I$use$fp
    poly.o(i.__kernel_poly) refers to dmul.o(.text) for __aeabi_dmul
    poly.o(i.__kernel_poly) refers to dadd.o(.text) for __aeabi_dadd
    qnan.o(.constdata) refers (Special) to iusefp.o(.text) for __I$use$fp
    sqrt.o(i.__softfp_sqrt) refers (Special) to iusefp.o(.text) for __I$use$fp
    sqrt.o(i.__softfp_sqrt) refers to dsqrt.o(.text) for _dsqrt
    sqrt.o(i.__softfp_sqrt) refers to errno.o(i.__set_errno) for __set_errno
    sqrt.o(i.sqrt) refers (Special) to iusefp.o(.text) for __I$use$fp
    sqrt.o(i.sqrt) refers to dsqrt.o(.text) for _dsqrt
    sqrt.o(i.sqrt) refers to errno.o(i.__set_errno) for __set_errno
    sqrt_x.o(i.____softfp_sqrt$lsc) refers (Special) to iusefp.o(.text) for __I$use$fp
    sqrt_x.o(i.____softfp_sqrt$lsc) refers to cdcmple.o(.text) for __aeabi_cdcmple
    sqrt_x.o(i.____softfp_sqrt$lsc) refers to errno.o(i.__set_errno) for __set_errno
    sqrt_x.o(i.____softfp_sqrt$lsc) refers to dsqrt.o(.text) for _dsqrt
    sqrt_x.o(i.__sqrt$lsc) refers (Special) to iusefp.o(.text) for __I$use$fp
    sqrt_x.o(i.__sqrt$lsc) refers to cdcmple.o(.text) for __aeabi_cdcmple
    sqrt_x.o(i.__sqrt$lsc) refers to errno.o(i.__set_errno) for __set_errno
    sqrt_x.o(i.__sqrt$lsc) refers to dsqrt.o(.text) for _dsqrt
    entry2.o(.ARM.Collect$$$$00000001) refers to entry2.o(.ARM.Collect$$$$00002712) for __lit__00000000
    entry2.o(.ARM.Collect$$$$00002712) refers to startup_stm32f103xb.o(STACK) for __initial_sp
    entry2.o(__vectab_stack_and_reset_area) refers to startup_stm32f103xb.o(STACK) for __initial_sp
    entry2.o(__vectab_stack_and_reset_area) refers to entry.o(.ARM.Collect$$$$00000000) for __main
    entry5.o(.ARM.Collect$$$$00000004) refers to init.o(.text) for __scatterload
    entry9a.o(.ARM.Collect$$$$0000000B) refers to main.o(i.main) for main
    entry9b.o(.ARM.Collect$$$$0000000C) refers to main.o(i.main) for main
    uldiv.o(.text) refers to llushr.o(.text) for __aeabi_llsr
    uldiv.o(.text) refers to llshl.o(.text) for __aeabi_llsl
    errno.o(i.__aeabi_errno_addr) refers to errno.o(.data) for .data
    errno.o(i.__read_errno) refers to errno.o(.data) for .data
    errno.o(i.__set_errno) refers to errno.o(.data) for .data
    depilogue.o(.text) refers to llshl.o(.text) for __aeabi_llsl
    depilogue.o(.text) refers to llushr.o(.text) for __aeabi_llsr
    dflti.o(.text) refers to depilogue.o(.text) for _double_epilogue
    dfixul.o(.text) refers to llushr.o(.text) for __aeabi_llsr
    dfixul.o(.text) refers to llshl.o(.text) for __aeabi_llsl
    init.o(.text) refers to entry5.o(.ARM.Collect$$$$00000004) for __main_after_scatterload
    dsqrt.o(.text) refers to llushr.o(.text) for __aeabi_llsr
    dsqrt.o(.text) refers to depilogue.o(.text) for _double_round


==============================================================================

Removing Unused input sections from the image.

    Removing system_stm32f1xx.o(.rev16_text), (4 bytes).
    Removing system_stm32f1xx.o(.revsh_text), (4 bytes).
    Removing system_stm32f1xx.o(.rrx_text), (6 bytes).
    Removing system_stm32f1xx.o(i.SystemCoreClockUpdate), (104 bytes).
    Removing stm32f1xx_hal_gpio_ex.o(.rev16_text), (4 bytes).
    Removing stm32f1xx_hal_gpio_ex.o(.revsh_text), (4 bytes).
    Removing stm32f1xx_hal_gpio_ex.o(.rrx_text), (6 bytes).
    Removing stm32f1xx_hal_gpio_ex.o(i.HAL_GPIOEx_ConfigEventout), (20 bytes).
    Removing stm32f1xx_hal_gpio_ex.o(i.HAL_GPIOEx_DisableEventout), (16 bytes).
    Removing stm32f1xx_hal_gpio_ex.o(i.HAL_GPIOEx_EnableEventout), (16 bytes).
    Removing stm32f1xx_hal_i2c.o(.rev16_text), (4 bytes).
    Removing stm32f1xx_hal_i2c.o(.revsh_text), (4 bytes).
    Removing stm32f1xx_hal_i2c.o(.rrx_text), (6 bytes).
    Removing stm32f1xx_hal_i2c.o(i.HAL_I2C_AbortCpltCallback), (2 bytes).
    Removing stm32f1xx_hal_i2c.o(i.HAL_I2C_AddrCallback), (2 bytes).
    Removing stm32f1xx_hal_i2c.o(i.HAL_I2C_DeInit), (50 bytes).
    Removing stm32f1xx_hal_i2c.o(i.HAL_I2C_DisableListen_IT), (68 bytes).
    Removing stm32f1xx_hal_i2c.o(i.HAL_I2C_ER_IRQHandler), (208 bytes).
    Removing stm32f1xx_hal_i2c.o(i.HAL_I2C_EV_IRQHandler), (496 bytes).
    Removing stm32f1xx_hal_i2c.o(i.HAL_I2C_EnableListen_IT), (58 bytes).
    Removing stm32f1xx_hal_i2c.o(i.HAL_I2C_ErrorCallback), (2 bytes).
    Removing stm32f1xx_hal_i2c.o(i.HAL_I2C_GetError), (4 bytes).
    Removing stm32f1xx_hal_i2c.o(i.HAL_I2C_GetMode), (6 bytes).
    Removing stm32f1xx_hal_i2c.o(i.HAL_I2C_GetState), (6 bytes).
    Removing stm32f1xx_hal_i2c.o(i.HAL_I2C_IsDeviceReady), (352 bytes).
    Removing stm32f1xx_hal_i2c.o(i.HAL_I2C_ListenCpltCallback), (2 bytes).
    Removing stm32f1xx_hal_i2c.o(i.HAL_I2C_MasterRxCpltCallback), (2 bytes).
    Removing stm32f1xx_hal_i2c.o(i.HAL_I2C_MasterTxCpltCallback), (2 bytes).
    Removing stm32f1xx_hal_i2c.o(i.HAL_I2C_Master_Abort_IT), (86 bytes).
    Removing stm32f1xx_hal_i2c.o(i.HAL_I2C_Master_Receive), (528 bytes).
    Removing stm32f1xx_hal_i2c.o(i.HAL_I2C_Master_Receive_DMA), (284 bytes).
    Removing stm32f1xx_hal_i2c.o(i.HAL_I2C_Master_Receive_IT), (188 bytes).
    Removing stm32f1xx_hal_i2c.o(i.HAL_I2C_Master_Sequential_Receive_IT), (204 bytes).
    Removing stm32f1xx_hal_i2c.o(i.HAL_I2C_Master_Sequential_Transmit_IT), (192 bytes).
    Removing stm32f1xx_hal_i2c.o(i.HAL_I2C_Master_Transmit), (312 bytes).
    Removing stm32f1xx_hal_i2c.o(i.HAL_I2C_Master_Transmit_DMA), (284 bytes).
    Removing stm32f1xx_hal_i2c.o(i.HAL_I2C_Master_Transmit_IT), (180 bytes).
    Removing stm32f1xx_hal_i2c.o(i.HAL_I2C_MemRxCpltCallback), (2 bytes).
    Removing stm32f1xx_hal_i2c.o(i.HAL_I2C_MemTxCpltCallback), (2 bytes).
    Removing stm32f1xx_hal_i2c.o(i.HAL_I2C_Mem_Read_DMA), (364 bytes).
    Removing stm32f1xx_hal_i2c.o(i.HAL_I2C_Mem_Read_IT), (216 bytes).
    Removing stm32f1xx_hal_i2c.o(i.HAL_I2C_Mem_Write_DMA), (284 bytes).
    Removing stm32f1xx_hal_i2c.o(i.HAL_I2C_Mem_Write_IT), (204 bytes).
    Removing stm32f1xx_hal_i2c.o(i.HAL_I2C_MspDeInit), (2 bytes).
    Removing stm32f1xx_hal_i2c.o(i.HAL_I2C_MspInit), (2 bytes).
    Removing stm32f1xx_hal_i2c.o(i.HAL_I2C_SlaveRxCpltCallback), (2 bytes).
    Removing stm32f1xx_hal_i2c.o(i.HAL_I2C_SlaveTxCpltCallback), (2 bytes).
    Removing stm32f1xx_hal_i2c.o(i.HAL_I2C_Slave_Receive), (384 bytes).
    Removing stm32f1xx_hal_i2c.o(i.HAL_I2C_Slave_Receive_DMA), (236 bytes).
    Removing stm32f1xx_hal_i2c.o(i.HAL_I2C_Slave_Receive_IT), (180 bytes).
    Removing stm32f1xx_hal_i2c.o(i.HAL_I2C_Slave_Sequential_Receive_IT), (114 bytes).
    Removing stm32f1xx_hal_i2c.o(i.HAL_I2C_Slave_Sequential_Transmit_IT), (114 bytes).
    Removing stm32f1xx_hal_i2c.o(i.HAL_I2C_Slave_Transmit), (356 bytes).
    Removing stm32f1xx_hal_i2c.o(i.HAL_I2C_Slave_Transmit_DMA), (236 bytes).
    Removing stm32f1xx_hal_i2c.o(i.HAL_I2C_Slave_Transmit_IT), (184 bytes).
    Removing stm32f1xx_hal_i2c.o(i.I2C_DMAAbort), (78 bytes).
    Removing stm32f1xx_hal_i2c.o(i.I2C_DMAError), (42 bytes).
    Removing stm32f1xx_hal_i2c.o(i.I2C_DMAXferCplt), (134 bytes).
    Removing stm32f1xx_hal_i2c.o(i.I2C_ITError), (292 bytes).
    Removing stm32f1xx_hal_i2c.o(i.I2C_MasterReceive_BTF), (200 bytes).
    Removing stm32f1xx_hal_i2c.o(i.I2C_MasterReceive_RXNE), (174 bytes).
    Removing stm32f1xx_hal_i2c.o(i.I2C_MasterRequestRead), (222 bytes).
    Removing stm32f1xx_hal_i2c.o(i.I2C_MasterRequestWrite), (148 bytes).
    Removing stm32f1xx_hal_i2c.o(i.I2C_MasterTransmit_BTF), (128 bytes).
    Removing stm32f1xx_hal_i2c.o(i.I2C_MasterTransmit_TXE), (264 bytes).
    Removing stm32f1xx_hal_i2c.o(i.I2C_Master_ADDR), (282 bytes).
    Removing stm32f1xx_hal_i2c.o(i.I2C_Master_SB), (90 bytes).
    Removing stm32f1xx_hal_i2c.o(i.I2C_Slave_AF), (132 bytes).
    Removing stm32f1xx_hal_i2c.o(i.I2C_Slave_STOPF), (220 bytes).
    Removing stm32f1xx_hal_tim.o(.rev16_text), (4 bytes).
    Removing stm32f1xx_hal_tim.o(.revsh_text), (4 bytes).
    Removing stm32f1xx_hal_tim.o(.rrx_text), (6 bytes).
    Removing stm32f1xx_hal_tim_ex.o(.rev16_text), (4 bytes).
    Removing stm32f1xx_hal_tim_ex.o(.revsh_text), (4 bytes).
    Removing stm32f1xx_hal_tim_ex.o(.rrx_text), (6 bytes).
    Removing stm32f1xx_hal_uart.o(.rev16_text), (4 bytes).
    Removing stm32f1xx_hal_uart.o(.revsh_text), (4 bytes).
    Removing stm32f1xx_hal_uart.o(.rrx_text), (6 bytes).
    Removing stm32f1xx_hal_uart.o(i.HAL_HalfDuplex_EnableReceiver), (50 bytes).
    Removing stm32f1xx_hal_uart.o(i.HAL_HalfDuplex_EnableTransmitter), (50 bytes).
    Removing stm32f1xx_hal_uart.o(i.HAL_HalfDuplex_Init), (108 bytes).
    Removing stm32f1xx_hal_uart.o(i.HAL_LIN_Init), (122 bytes).
    Removing stm32f1xx_hal_uart.o(i.HAL_LIN_SendBreak), (46 bytes).
    Removing stm32f1xx_hal_uart.o(i.HAL_MultiProcessor_EnterMuteMode), (46 bytes).
    Removing stm32f1xx_hal_uart.o(i.HAL_MultiProcessor_ExitMuteMode), (46 bytes).
    Removing stm32f1xx_hal_uart.o(i.HAL_MultiProcessor_Init), (130 bytes).
    Removing stm32f1xx_hal_uart.o(i.HAL_UART_Abort), (104 bytes).
    Removing stm32f1xx_hal_uart.o(i.HAL_UART_AbortCpltCallback), (2 bytes).
    Removing stm32f1xx_hal_uart.o(i.HAL_UART_AbortReceive), (68 bytes).
    Removing stm32f1xx_hal_uart.o(i.HAL_UART_AbortReceiveCpltCallback), (2 bytes).
    Removing stm32f1xx_hal_uart.o(i.HAL_UART_AbortReceive_IT), (92 bytes).
    Removing stm32f1xx_hal_uart.o(i.HAL_UART_AbortTransmit), (58 bytes).
    Removing stm32f1xx_hal_uart.o(i.HAL_UART_AbortTransmitCpltCallback), (2 bytes).
    Removing stm32f1xx_hal_uart.o(i.HAL_UART_AbortTransmit_IT), (84 bytes).
    Removing stm32f1xx_hal_uart.o(i.HAL_UART_Abort_IT), (172 bytes).
    Removing stm32f1xx_hal_uart.o(i.HAL_UART_DMAPause), (102 bytes).
    Removing stm32f1xx_hal_uart.o(i.HAL_UART_DMAResume), (94 bytes).
    Removing stm32f1xx_hal_uart.o(i.HAL_UART_DMAStop), (88 bytes).
    Removing stm32f1xx_hal_uart.o(i.HAL_UART_DeInit), (40 bytes).
    Removing stm32f1xx_hal_uart.o(i.HAL_UART_ErrorCallback), (2 bytes).
    Removing stm32f1xx_hal_uart.o(i.HAL_UART_GetError), (4 bytes).
    Removing stm32f1xx_hal_uart.o(i.HAL_UART_GetState), (10 bytes).
    Removing stm32f1xx_hal_uart.o(i.HAL_UART_IRQHandler), (272 bytes).
    Removing stm32f1xx_hal_uart.o(i.HAL_UART_MspDeInit), (2 bytes).
    Removing stm32f1xx_hal_uart.o(i.HAL_UART_MspInit), (2 bytes).
    Removing stm32f1xx_hal_uart.o(i.HAL_UART_Receive), (184 bytes).
    Removing stm32f1xx_hal_uart.o(i.HAL_UART_Receive_DMA), (152 bytes).
    Removing stm32f1xx_hal_uart.o(i.HAL_UART_Receive_IT), (82 bytes).
    Removing stm32f1xx_hal_uart.o(i.HAL_UART_RxCpltCallback), (2 bytes).
    Removing stm32f1xx_hal_uart.o(i.HAL_UART_RxHalfCpltCallback), (2 bytes).
    Removing stm32f1xx_hal_uart.o(i.HAL_UART_Transmit_DMA), (128 bytes).
    Removing stm32f1xx_hal_uart.o(i.HAL_UART_Transmit_IT), (62 bytes).
    Removing stm32f1xx_hal_uart.o(i.HAL_UART_TxCpltCallback), (2 bytes).
    Removing stm32f1xx_hal_uart.o(i.HAL_UART_TxHalfCpltCallback), (2 bytes).
    Removing stm32f1xx_hal_uart.o(i.UART_DMAAbortOnError), (16 bytes).
    Removing stm32f1xx_hal_uart.o(i.UART_DMAError), (74 bytes).
    Removing stm32f1xx_hal_uart.o(i.UART_DMAReceiveCplt), (60 bytes).
    Removing stm32f1xx_hal_uart.o(i.UART_DMARxAbortCallback), (42 bytes).
    Removing stm32f1xx_hal_uart.o(i.UART_DMARxHalfCplt), (10 bytes).
    Removing stm32f1xx_hal_uart.o(i.UART_DMARxOnlyAbortCallback), (20 bytes).
    Removing stm32f1xx_hal_uart.o(i.UART_DMATransmitCplt), (46 bytes).
    Removing stm32f1xx_hal_uart.o(i.UART_DMATxAbortCallback), (42 bytes).
    Removing stm32f1xx_hal_uart.o(i.UART_DMATxHalfCplt), (10 bytes).
    Removing stm32f1xx_hal_uart.o(i.UART_DMATxOnlyAbortCallback), (20 bytes).
    Removing stm32f1xx_hal_uart.o(i.UART_EndRxTransfer), (28 bytes).
    Removing stm32f1xx_hal_uart.o(i.UART_EndTxTransfer), (18 bytes).
    Removing stm32f1xx_hal_uart.o(i.UART_Receive_IT), (150 bytes).
    Removing stm32f1xx_hal_uart.o(i.UART_Transmit_IT), (98 bytes).
    Removing stm32f1xx_hal.o(.rev16_text), (4 bytes).
    Removing stm32f1xx_hal.o(.revsh_text), (4 bytes).
    Removing stm32f1xx_hal.o(.rrx_text), (6 bytes).
    Removing stm32f1xx_hal.o(i.HAL_DBGMCU_DisableDBGSleepMode), (16 bytes).
    Removing stm32f1xx_hal.o(i.HAL_DBGMCU_DisableDBGStandbyMode), (16 bytes).
    Removing stm32f1xx_hal.o(i.HAL_DBGMCU_DisableDBGStopMode), (16 bytes).
    Removing stm32f1xx_hal.o(i.HAL_DBGMCU_EnableDBGSleepMode), (16 bytes).
    Removing stm32f1xx_hal.o(i.HAL_DBGMCU_EnableDBGStandbyMode), (16 bytes).
    Removing stm32f1xx_hal.o(i.HAL_DBGMCU_EnableDBGStopMode), (16 bytes).
    Removing stm32f1xx_hal.o(i.HAL_DeInit), (32 bytes).
    Removing stm32f1xx_hal.o(i.HAL_GetDEVID), (16 bytes).
    Removing stm32f1xx_hal.o(i.HAL_GetHalVersion), (8 bytes).
    Removing stm32f1xx_hal.o(i.HAL_GetREVID), (12 bytes).
    Removing stm32f1xx_hal.o(i.HAL_GetTickFreq), (12 bytes).
    Removing stm32f1xx_hal.o(i.HAL_GetTickPrio), (12 bytes).
    Removing stm32f1xx_hal.o(i.HAL_GetUID), (28 bytes).
    Removing stm32f1xx_hal.o(i.HAL_MspDeInit), (2 bytes).
    Removing stm32f1xx_hal.o(i.HAL_MspInit), (2 bytes).
    Removing stm32f1xx_hal.o(i.HAL_ResumeTick), (14 bytes).
    Removing stm32f1xx_hal.o(i.HAL_SetTickFreq), (28 bytes).
    Removing stm32f1xx_hal.o(i.HAL_SuspendTick), (14 bytes).
    Removing stm32f1xx_hal_rcc.o(.rev16_text), (4 bytes).
    Removing stm32f1xx_hal_rcc.o(.revsh_text), (4 bytes).
    Removing stm32f1xx_hal_rcc.o(.rrx_text), (6 bytes).
    Removing stm32f1xx_hal_rcc.o(i.HAL_RCC_CSSCallback), (2 bytes).
    Removing stm32f1xx_hal_rcc.o(i.HAL_RCC_DeInit), (216 bytes).
    Removing stm32f1xx_hal_rcc.o(i.HAL_RCC_DisableCSS), (12 bytes).
    Removing stm32f1xx_hal_rcc.o(i.HAL_RCC_EnableCSS), (12 bytes).
    Removing stm32f1xx_hal_rcc.o(i.HAL_RCC_GetClockConfig), (64 bytes).
    Removing stm32f1xx_hal_rcc.o(i.HAL_RCC_GetHCLKFreq), (12 bytes).
    Removing stm32f1xx_hal_rcc.o(i.HAL_RCC_GetOscConfig), (144 bytes).
    Removing stm32f1xx_hal_rcc.o(i.HAL_RCC_MCOConfig), (72 bytes).
    Removing stm32f1xx_hal_rcc.o(i.HAL_RCC_NMI_IRQHandler), (24 bytes).
    Removing stm32f1xx_hal_rcc_ex.o(.rev16_text), (4 bytes).
    Removing stm32f1xx_hal_rcc_ex.o(.revsh_text), (4 bytes).
    Removing stm32f1xx_hal_rcc_ex.o(.rrx_text), (6 bytes).
    Removing stm32f1xx_hal_rcc_ex.o(i.HAL_RCCEx_GetPeriphCLKConfig), (44 bytes).
    Removing stm32f1xx_hal_rcc_ex.o(i.HAL_RCCEx_GetPeriphCLKFreq), (200 bytes).
    Removing stm32f1xx_hal_rcc_ex.o(i.HAL_RCCEx_PeriphCLKConfig), (236 bytes).
    Removing stm32f1xx_hal_gpio.o(.rev16_text), (4 bytes).
    Removing stm32f1xx_hal_gpio.o(.revsh_text), (4 bytes).
    Removing stm32f1xx_hal_gpio.o(.rrx_text), (6 bytes).
    Removing stm32f1xx_hal_gpio.o(i.HAL_GPIO_DeInit), (228 bytes).
    Removing stm32f1xx_hal_gpio.o(i.HAL_GPIO_EXTI_Callback), (2 bytes).
    Removing stm32f1xx_hal_gpio.o(i.HAL_GPIO_EXTI_IRQHandler), (24 bytes).
    Removing stm32f1xx_hal_gpio.o(i.HAL_GPIO_LockPin), (34 bytes).
    Removing stm32f1xx_hal_gpio.o(i.HAL_GPIO_ReadPin), (10 bytes).
    Removing stm32f1xx_hal_gpio.o(i.HAL_GPIO_TogglePin), (8 bytes).
    Removing stm32f1xx_hal_dma.o(.rev16_text), (4 bytes).
    Removing stm32f1xx_hal_dma.o(.revsh_text), (4 bytes).
    Removing stm32f1xx_hal_dma.o(.rrx_text), (6 bytes).
    Removing stm32f1xx_hal_dma.o(i.DMA_SetConfig), (42 bytes).
    Removing stm32f1xx_hal_dma.o(i.HAL_DMA_Abort), (48 bytes).
    Removing stm32f1xx_hal_dma.o(i.HAL_DMA_Abort_IT), (152 bytes).
    Removing stm32f1xx_hal_dma.o(i.HAL_DMA_DeInit), (92 bytes).
    Removing stm32f1xx_hal_dma.o(i.HAL_DMA_GetError), (4 bytes).
    Removing stm32f1xx_hal_dma.o(i.HAL_DMA_GetState), (6 bytes).
    Removing stm32f1xx_hal_dma.o(i.HAL_DMA_IRQHandler), (340 bytes).
    Removing stm32f1xx_hal_dma.o(i.HAL_DMA_Init), (92 bytes).
    Removing stm32f1xx_hal_dma.o(i.HAL_DMA_PollForTransfer), (532 bytes).
    Removing stm32f1xx_hal_dma.o(i.HAL_DMA_RegisterCallback), (74 bytes).
    Removing stm32f1xx_hal_dma.o(i.HAL_DMA_Start), (80 bytes).
    Removing stm32f1xx_hal_dma.o(i.HAL_DMA_Start_IT), (112 bytes).
    Removing stm32f1xx_hal_dma.o(i.HAL_DMA_UnRegisterCallback), (82 bytes).
    Removing stm32f1xx_hal_cortex.o(.rev16_text), (4 bytes).
    Removing stm32f1xx_hal_cortex.o(.revsh_text), (4 bytes).
    Removing stm32f1xx_hal_cortex.o(.rrx_text), (6 bytes).
    Removing stm32f1xx_hal_cortex.o(i.HAL_NVIC_ClearPendingIRQ), (22 bytes).
    Removing stm32f1xx_hal_cortex.o(i.HAL_NVIC_DisableIRQ), (22 bytes).
    Removing stm32f1xx_hal_cortex.o(i.HAL_NVIC_EnableIRQ), (22 bytes).
    Removing stm32f1xx_hal_cortex.o(i.HAL_NVIC_GetActive), (32 bytes).
    Removing stm32f1xx_hal_cortex.o(i.HAL_NVIC_GetPendingIRQ), (32 bytes).
    Removing stm32f1xx_hal_cortex.o(i.HAL_NVIC_GetPriority), (82 bytes).
    Removing stm32f1xx_hal_cortex.o(i.HAL_NVIC_GetPriorityGrouping), (16 bytes).
    Removing stm32f1xx_hal_cortex.o(i.HAL_NVIC_SetPendingIRQ), (22 bytes).
    Removing stm32f1xx_hal_cortex.o(i.HAL_NVIC_SystemReset), (36 bytes).
    Removing stm32f1xx_hal_cortex.o(i.HAL_SYSTICK_CLKSourceConfig), (24 bytes).
    Removing stm32f1xx_hal_cortex.o(i.HAL_SYSTICK_Callback), (2 bytes).
    Removing stm32f1xx_hal_cortex.o(i.HAL_SYSTICK_IRQHandler), (8 bytes).
    Removing stm32f1xx_hal_pwr.o(.rev16_text), (4 bytes).
    Removing stm32f1xx_hal_pwr.o(.revsh_text), (4 bytes).
    Removing stm32f1xx_hal_pwr.o(.rrx_text), (6 bytes).
    Removing stm32f1xx_hal_pwr.o(i.HAL_PWR_ConfigPVD), (124 bytes).
    Removing stm32f1xx_hal_pwr.o(i.HAL_PWR_DeInit), (24 bytes).
    Removing stm32f1xx_hal_pwr.o(i.HAL_PWR_DisableBkUpAccess), (12 bytes).
    Removing stm32f1xx_hal_pwr.o(i.HAL_PWR_DisablePVD), (12 bytes).
    Removing stm32f1xx_hal_pwr.o(i.HAL_PWR_DisableSEVOnPend), (16 bytes).
    Removing stm32f1xx_hal_pwr.o(i.HAL_PWR_DisableSleepOnExit), (16 bytes).
    Removing stm32f1xx_hal_pwr.o(i.HAL_PWR_DisableWakeUpPin), (28 bytes).
    Removing stm32f1xx_hal_pwr.o(i.HAL_PWR_EnableBkUpAccess), (12 bytes).
    Removing stm32f1xx_hal_pwr.o(i.HAL_PWR_EnablePVD), (12 bytes).
    Removing stm32f1xx_hal_pwr.o(i.HAL_PWR_EnableSEVOnPend), (16 bytes).
    Removing stm32f1xx_hal_pwr.o(i.HAL_PWR_EnableSleepOnExit), (16 bytes).
    Removing stm32f1xx_hal_pwr.o(i.HAL_PWR_EnableWakeUpPin), (28 bytes).
    Removing stm32f1xx_hal_pwr.o(i.HAL_PWR_EnterSLEEPMode), (32 bytes).
    Removing stm32f1xx_hal_pwr.o(i.HAL_PWR_EnterSTANDBYMode), (32 bytes).
    Removing stm32f1xx_hal_pwr.o(i.HAL_PWR_EnterSTOPMode), (68 bytes).
    Removing stm32f1xx_hal_pwr.o(i.HAL_PWR_PVDCallback), (2 bytes).
    Removing stm32f1xx_hal_pwr.o(i.HAL_PWR_PVD_IRQHandler), (28 bytes).
    Removing stm32f1xx_hal_pwr.o(i.PWR_OverloadWfe), (6 bytes).
    Removing stm32f1xx_hal_flash.o(.rev16_text), (4 bytes).
    Removing stm32f1xx_hal_flash.o(.revsh_text), (4 bytes).
    Removing stm32f1xx_hal_flash.o(.rrx_text), (6 bytes).
    Removing stm32f1xx_hal_flash.o(i.FLASH_Program_HalfWord), (28 bytes).
    Removing stm32f1xx_hal_flash.o(i.FLASH_SetErrorCode), (92 bytes).
    Removing stm32f1xx_hal_flash.o(i.FLASH_WaitForLastOperation), (84 bytes).
    Removing stm32f1xx_hal_flash.o(i.HAL_FLASH_EndOfOperationCallback), (2 bytes).
    Removing stm32f1xx_hal_flash.o(i.HAL_FLASH_GetError), (12 bytes).
    Removing stm32f1xx_hal_flash.o(i.HAL_FLASH_IRQHandler), (264 bytes).
    Removing stm32f1xx_hal_flash.o(i.HAL_FLASH_Lock), (20 bytes).
    Removing stm32f1xx_hal_flash.o(i.HAL_FLASH_OB_Launch), (4 bytes).
    Removing stm32f1xx_hal_flash.o(i.HAL_FLASH_OB_Lock), (20 bytes).
    Removing stm32f1xx_hal_flash.o(i.HAL_FLASH_OB_Unlock), (36 bytes).
    Removing stm32f1xx_hal_flash.o(i.HAL_FLASH_OperationErrorCallback), (2 bytes).
    Removing stm32f1xx_hal_flash.o(i.HAL_FLASH_Program), (128 bytes).
    Removing stm32f1xx_hal_flash.o(i.HAL_FLASH_Program_IT), (100 bytes).
    Removing stm32f1xx_hal_flash.o(i.HAL_FLASH_Unlock), (40 bytes).
    Removing stm32f1xx_hal_flash.o(.bss), (32 bytes).
    Removing stm32f1xx_hal_flash_ex.o(.rev16_text), (4 bytes).
    Removing stm32f1xx_hal_flash_ex.o(.revsh_text), (4 bytes).
    Removing stm32f1xx_hal_flash_ex.o(.rrx_text), (6 bytes).
    Removing stm32f1xx_hal_flash_ex.o(i.FLASH_MassErase), (36 bytes).
    Removing stm32f1xx_hal_flash_ex.o(i.FLASH_OB_DisableWRP), (176 bytes).
    Removing stm32f1xx_hal_flash_ex.o(i.FLASH_OB_EnableWRP), (176 bytes).
    Removing stm32f1xx_hal_flash_ex.o(i.FLASH_OB_GetRDP), (24 bytes).
    Removing stm32f1xx_hal_flash_ex.o(i.FLASH_OB_RDP_LevelConfig), (100 bytes).
    Removing stm32f1xx_hal_flash_ex.o(i.FLASH_PageErase), (36 bytes).
    Removing stm32f1xx_hal_flash_ex.o(i.HAL_FLASHEx_Erase), (168 bytes).
    Removing stm32f1xx_hal_flash_ex.o(i.HAL_FLASHEx_Erase_IT), (84 bytes).
    Removing stm32f1xx_hal_flash_ex.o(i.HAL_FLASHEx_OBErase), (84 bytes).
    Removing stm32f1xx_hal_flash_ex.o(i.HAL_FLASHEx_OBGetConfig), (36 bytes).
    Removing stm32f1xx_hal_flash_ex.o(i.HAL_FLASHEx_OBGetUserData), (32 bytes).
    Removing stm32f1xx_hal_flash_ex.o(i.HAL_FLASHEx_OBProgram), (200 bytes).
    Removing startup_stm32f103xb.o(HEAP), (512 bytes).
    Removing main.o(.rev16_text), (4 bytes).
    Removing main.o(.revsh_text), (4 bytes).
    Removing main.o(.rrx_text), (6 bytes).
    Removing main.o(i.Error_Handler), (2 bytes).
    Removing stm32f1xx_it.o(.rev16_text), (4 bytes).
    Removing stm32f1xx_it.o(.revsh_text), (4 bytes).
    Removing stm32f1xx_it.o(.rrx_text), (6 bytes).
    Removing stm32f1xx_hal_msp.o(.rev16_text), (4 bytes).
    Removing stm32f1xx_hal_msp.o(.revsh_text), (4 bytes).
    Removing stm32f1xx_hal_msp.o(.rrx_text), (6 bytes).
    Removing stm32f1xx_hal_msp.o(i.HAL_I2C_MspDeInit), (40 bytes).
    Removing stm32f1xx_hal_msp.o(i.HAL_UART_MspDeInit), (44 bytes).
    Removing bmp280.o(.rev16_text), (4 bytes).
    Removing bmp280.o(.revsh_text), (4 bytes).
    Removing bmp280.o(.rrx_text), (6 bytes).
    Removing bmp280.o(i.bmp280_force_measurement), (50 bytes).
    Removing bmp280.o(i.bmp280_is_measuring), (30 bytes).
    Removing retarget_io.o(i.__aeabi_assert), (144 bytes).
    Removing retarget_io.o(i.__backspace), (40 bytes).
    Removing retarget_io.o(i.abort), (2 bytes).
    Removing retarget_io.o(i.fgetc), (44 bytes).
    Removing retarget_io.o(i.fputc), (36 bytes).
    Removing retarget_io.o(.data), (8 bytes).
    Removing cdcmple.o(.text), (48 bytes).

286 unused section(s) (total 19374 bytes) removed from the image.

==============================================================================

Image Symbol Table

    Local Symbols

    Symbol Name                              Value     Ov Type        Size  Object(Section)

    ../Drivers/STM32F1xx_HAL_Driver/Src/stm32f1xx_hal.c 0x00000000   Number         0  stm32f1xx_hal.o ABSOLUTE
    ../Drivers/STM32F1xx_HAL_Driver/Src/stm32f1xx_hal_cortex.c 0x00000000   Number         0  stm32f1xx_hal_cortex.o ABSOLUTE
    ../Drivers/STM32F1xx_HAL_Driver/Src/stm32f1xx_hal_dma.c 0x00000000   Number         0  stm32f1xx_hal_dma.o ABSOLUTE
    ../Drivers/STM32F1xx_HAL_Driver/Src/stm32f1xx_hal_flash.c 0x00000000   Number         0  stm32f1xx_hal_flash.o ABSOLUTE
    ../Drivers/STM32F1xx_HAL_Driver/Src/stm32f1xx_hal_flash_ex.c 0x00000000   Number         0  stm32f1xx_hal_flash_ex.o ABSOLUTE
    ../Drivers/STM32F1xx_HAL_Driver/Src/stm32f1xx_hal_gpio.c 0x00000000   Number         0  stm32f1xx_hal_gpio.o ABSOLUTE
    ../Drivers/STM32F1xx_HAL_Driver/Src/stm32f1xx_hal_gpio_ex.c 0x00000000   Number         0  stm32f1xx_hal_gpio_ex.o ABSOLUTE
    ../Drivers/STM32F1xx_HAL_Driver/Src/stm32f1xx_hal_i2c.c 0x00000000   Number         0  stm32f1xx_hal_i2c.o ABSOLUTE
    ../Drivers/STM32F1xx_HAL_Driver/Src/stm32f1xx_hal_pwr.c 0x00000000   Number         0  stm32f1xx_hal_pwr.o ABSOLUTE
    ../Drivers/STM32F1xx_HAL_Driver/Src/stm32f1xx_hal_rcc.c 0x00000000   Number         0  stm32f1xx_hal_rcc.o ABSOLUTE
    ../Drivers/STM32F1xx_HAL_Driver/Src/stm32f1xx_hal_rcc_ex.c 0x00000000   Number         0  stm32f1xx_hal_rcc_ex.o ABSOLUTE
    ../Drivers/STM32F1xx_HAL_Driver/Src/stm32f1xx_hal_tim.c 0x00000000   Number         0  stm32f1xx_hal_tim.o ABSOLUTE
    ../Drivers/STM32F1xx_HAL_Driver/Src/stm32f1xx_hal_tim_ex.c 0x00000000   Number         0  stm32f1xx_hal_tim_ex.o ABSOLUTE
    ../Drivers/STM32F1xx_HAL_Driver/Src/stm32f1xx_hal_uart.c 0x00000000   Number         0  stm32f1xx_hal_uart.o ABSOLUTE
    ../Src/main.c                            0x00000000   Number         0  main.o ABSOLUTE
    ../Src/stm32f1xx_hal_msp.c               0x00000000   Number         0  stm32f1xx_hal_msp.o ABSOLUTE
    ../Src/stm32f1xx_it.c                    0x00000000   Number         0  stm32f1xx_it.o ABSOLUTE
    ../Src/system_stm32f1xx.c                0x00000000   Number         0  system_stm32f1xx.o ABSOLUTE
    ../clib/microlib/division.c              0x00000000   Number         0  ldiv.o ABSOLUTE
    ../clib/microlib/division.c              0x00000000   Number         0  uidiv.o ABSOLUTE
    ../clib/microlib/division.c              0x00000000   Number         0  uldiv.o ABSOLUTE
    ../clib/microlib/errno.c                 0x00000000   Number         0  errno.o ABSOLUTE
    ../clib/microlib/init/entry.s            0x00000000   Number         0  entry9a.o ABSOLUTE
    ../clib/microlib/init/entry.s            0x00000000   Number         0  entry8b.o ABSOLUTE
    ../clib/microlib/init/entry.s            0x00000000   Number         0  entry8a.o ABSOLUTE
    ../clib/microlib/init/entry.s            0x00000000   Number         0  entry7b.o ABSOLUTE
    ../clib/microlib/init/entry.s            0x00000000   Number         0  entry7a.o ABSOLUTE
    ../clib/microlib/init/entry.s            0x00000000   Number         0  entry2.o ABSOLUTE
    ../clib/microlib/init/entry.s            0x00000000   Number         0  entry9b.o ABSOLUTE
    ../clib/microlib/init/entry.s            0x00000000   Number         0  entry11b.o ABSOLUTE
    ../clib/microlib/init/entry.s            0x00000000   Number         0  entry11a.o ABSOLUTE
    ../clib/microlib/init/entry.s            0x00000000   Number         0  entry10b.o ABSOLUTE
    ../clib/microlib/init/entry.s            0x00000000   Number         0  entry10a.o ABSOLUTE
    ../clib/microlib/init/entry.s            0x00000000   Number         0  entry5.o ABSOLUTE
    ../clib/microlib/init/entry.s            0x00000000   Number         0  entry.o ABSOLUTE
    ../clib/microlib/longlong.c              0x00000000   Number         0  llshl.o ABSOLUTE
    ../clib/microlib/longlong.c              0x00000000   Number         0  llsshr.o ABSOLUTE
    ../clib/microlib/longlong.c              0x00000000   Number         0  llushr.o ABSOLUTE
    ../clib/microlib/printf/printf.c         0x00000000   Number         0  printf8.o ABSOLUTE
    ../clib/microlib/printf/printf.c         0x00000000   Number         0  printf5.o ABSOLUTE
    ../clib/microlib/printf/printf.c         0x00000000   Number         0  printf1.o ABSOLUTE
    ../clib/microlib/printf/printf.c         0x00000000   Number         0  printf6.o ABSOLUTE
    ../clib/microlib/printf/printf.c         0x00000000   Number         0  printf7.o ABSOLUTE
    ../clib/microlib/printf/printf.c         0x00000000   Number         0  printf3.o ABSOLUTE
    ../clib/microlib/printf/printf.c         0x00000000   Number         0  printf4.o ABSOLUTE
    ../clib/microlib/printf/printf.c         0x00000000   Number         0  printf2.o ABSOLUTE
    ../clib/microlib/printf/printf.c         0x00000000   Number         0  printfa.o ABSOLUTE
    ../clib/microlib/printf/printf.c         0x00000000   Number         0  printf0.o ABSOLUTE
    ../clib/microlib/printf/printf.c         0x00000000   Number         0  printfb.o ABSOLUTE
    ../clib/microlib/printf/stubs.s          0x00000000   Number         0  stubs.o ABSOLUTE
    ../clib/microlib/stdio/fputs.c           0x00000000   Number         0  fputs.o ABSOLUTE
    ../clib/microlib/stdio/fputs.c           0x00000000   Number         0  fputs_e.o ABSOLUTE
    ../clib/microlib/stdio/streams.c         0x00000000   Number         0  stdout.o ABSOLUTE
    ../clib/microlib/stdio/streams.c         0x00000000   Number         0  stdin.o ABSOLUTE
    ../clib/microlib/stdio/streams.c         0x00000000   Number         0  stderr.o ABSOLUTE
    ../clib/microlib/string/memset.c         0x00000000   Number         0  memseta.o ABSOLUTE
    ../clib/microlib/stubs.s                 0x00000000   Number         0  iusefp.o ABSOLUTE
    ../fplib/microlib/d2f.c                  0x00000000   Number         0  d2f.o ABSOLUTE
    ../fplib/microlib/f2d.c                  0x00000000   Number         0  f2d.o ABSOLUTE
    ../fplib/microlib/fpadd.c                0x00000000   Number         0  dadd.o ABSOLUTE
    ../fplib/microlib/fpdiv.c                0x00000000   Number         0  ddiv.o ABSOLUTE
    ../fplib/microlib/fpdiv.c                0x00000000   Number         0  fdiv.o ABSOLUTE
    ../fplib/microlib/fpepilogue.c           0x00000000   Number         0  fepilogue.o ABSOLUTE
    ../fplib/microlib/fpepilogue.c           0x00000000   Number         0  depilogue.o ABSOLUTE
    ../fplib/microlib/fpfix.c                0x00000000   Number         0  dfixul.o ABSOLUTE
    ../fplib/microlib/fpflt.c                0x00000000   Number         0  dflti.o ABSOLUTE
    ../fplib/microlib/fpflt.c                0x00000000   Number         0  fflti.o ABSOLUTE
    ../fplib/microlib/fpflt.c                0x00000000   Number         0  ffltui.o ABSOLUTE
    ../fplib/microlib/fpmul.c                0x00000000   Number         0  dmul.o ABSOLUTE
    ../fplib/microlib/fpscalb.c              0x00000000   Number         0  dscalb.o ABSOLUTE
    ../fplib/microlib/fpscalb.c              0x00000000   Number         0  fscalb.o ABSOLUTE
    ../fplib/microlib/fpsqrt.c               0x00000000   Number         0  dsqrt.o ABSOLUTE
    ../mathlib/dunder.c                      0x00000000   Number         0  dunder.o ABSOLUTE
    ../mathlib/fpclassify.c                  0x00000000   Number         0  fpclassify.o ABSOLUTE
    ../mathlib/poly.c                        0x00000000   Number         0  poly.o ABSOLUTE
    ../mathlib/pow.c                         0x00000000   Number         0  pow_x.o ABSOLUTE
    ../mathlib/pow.c                         0x00000000   Number         0  pow.o ABSOLUTE
    ../mathlib/qnan.c                        0x00000000   Number         0  qnan.o ABSOLUTE
    ../mathlib/sqrt.c                        0x00000000   Number         0  sqrt.o ABSOLUTE
    ../mathlib/sqrt.c                        0x00000000   Number         0  sqrt_x.o ABSOLUTE
    ..\Drivers\STM32F1xx_HAL_Driver\Src\stm32f1xx_hal.c 0x00000000   Number         0  stm32f1xx_hal.o ABSOLUTE
    ..\Drivers\STM32F1xx_HAL_Driver\Src\stm32f1xx_hal_cortex.c 0x00000000   Number         0  stm32f1xx_hal_cortex.o ABSOLUTE
    ..\Drivers\STM32F1xx_HAL_Driver\Src\stm32f1xx_hal_dma.c 0x00000000   Number         0  stm32f1xx_hal_dma.o ABSOLUTE
    ..\Drivers\STM32F1xx_HAL_Driver\Src\stm32f1xx_hal_flash.c 0x00000000   Number         0  stm32f1xx_hal_flash.o ABSOLUTE
    ..\Drivers\STM32F1xx_HAL_Driver\Src\stm32f1xx_hal_flash_ex.c 0x00000000   Number         0  stm32f1xx_hal_flash_ex.o ABSOLUTE
    ..\Drivers\STM32F1xx_HAL_Driver\Src\stm32f1xx_hal_gpio.c 0x00000000   Number         0  stm32f1xx_hal_gpio.o ABSOLUTE
    ..\Drivers\STM32F1xx_HAL_Driver\Src\stm32f1xx_hal_gpio_ex.c 0x00000000   Number         0  stm32f1xx_hal_gpio_ex.o ABSOLUTE
    ..\Drivers\STM32F1xx_HAL_Driver\Src\stm32f1xx_hal_i2c.c 0x00000000   Number         0  stm32f1xx_hal_i2c.o ABSOLUTE
    ..\Drivers\STM32F1xx_HAL_Driver\Src\stm32f1xx_hal_pwr.c 0x00000000   Number         0  stm32f1xx_hal_pwr.o ABSOLUTE
    ..\Drivers\STM32F1xx_HAL_Driver\Src\stm32f1xx_hal_rcc.c 0x00000000   Number         0  stm32f1xx_hal_rcc.o ABSOLUTE
    ..\Drivers\STM32F1xx_HAL_Driver\Src\stm32f1xx_hal_rcc_ex.c 0x00000000   Number         0  stm32f1xx_hal_rcc_ex.o ABSOLUTE
    ..\Drivers\STM32F1xx_HAL_Driver\Src\stm32f1xx_hal_tim.c 0x00000000   Number         0  stm32f1xx_hal_tim.o ABSOLUTE
    ..\Drivers\STM32F1xx_HAL_Driver\Src\stm32f1xx_hal_tim_ex.c 0x00000000   Number         0  stm32f1xx_hal_tim_ex.o ABSOLUTE
    ..\Drivers\STM32F1xx_HAL_Driver\Src\stm32f1xx_hal_uart.c 0x00000000   Number         0  stm32f1xx_hal_uart.o ABSOLUTE
    ..\Src\bmp280.c                          0x00000000   Number         0  bmp280.o ABSOLUTE
    ..\Src\main.c                            0x00000000   Number         0  main.o ABSOLUTE
    ..\Src\stm32f1xx_hal_msp.c               0x00000000   Number         0  stm32f1xx_hal_msp.o ABSOLUTE
    ..\Src\stm32f1xx_it.c                    0x00000000   Number         0  stm32f1xx_it.o ABSOLUTE
    ..\Src\system_stm32f1xx.c                0x00000000   Number         0  system_stm32f1xx.o ABSOLUTE
    ..\\Src\\bmp280.c                        0x00000000   Number         0  bmp280.o ABSOLUTE
    C:\Users\Ashish\keil_packs\Keil\ARM_Compiler\1.6.1\Source\retarget_io.c 0x00000000   Number         0  retarget_io.o ABSOLUTE
    cdcmple.s                                0x00000000   Number         0  cdcmple.o ABSOLUTE
    cdrcmple.s                               0x00000000   Number         0  cdrcmple.o ABSOLUTE
    dc.s                                     0x00000000   Number         0  dc.o ABSOLUTE
    handlers.s                               0x00000000   Number         0  handlers.o ABSOLUTE
    init.s                                   0x00000000   Number         0  init.o ABSOLUTE
    startup_stm32f103xb.s                    0x00000000   Number         0  startup_stm32f103xb.o ABSOLUTE
    RESET                                    0x08000000   Section      236  startup_stm32f103xb.o(RESET)
    .ARM.Collect$$$$00000000                 0x080000ec   Section        0  entry.o(.ARM.Collect$$$$00000000)
    .ARM.Collect$$$$00000001                 0x080000ec   Section        4  entry2.o(.ARM.Collect$$$$00000001)
    .ARM.Collect$$$$00000004                 0x080000f0   Section        4  entry5.o(.ARM.Collect$$$$00000004)
    .ARM.Collect$$$$00000008                 0x080000f4   Section        0  entry7b.o(.ARM.Collect$$$$00000008)
    .ARM.Collect$$$$0000000A                 0x080000f4   Section        0  entry8b.o(.ARM.Collect$$$$0000000A)
    .ARM.Collect$$$$0000000B                 0x080000f4   Section        8  entry9a.o(.ARM.Collect$$$$0000000B)
    .ARM.Collect$$$$0000000D                 0x080000fc   Section        0  entry10a.o(.ARM.Collect$$$$0000000D)
    .ARM.Collect$$$$0000000F                 0x080000fc   Section        0  entry11a.o(.ARM.Collect$$$$0000000F)
    .ARM.Collect$$$$00002712                 0x080000fc   Section        4  entry2.o(.ARM.Collect$$$$00002712)
    __lit__00000000                          0x080000fc   Data           4  entry2.o(.ARM.Collect$$$$00002712)
    .text                                    0x08000100   Section       36  startup_stm32f103xb.o(.text)
    .text                                    0x08000124   Section        0  ldiv.o(.text)
    .text                                    0x08000186   Section        0  llushr.o(.text)
    .text                                    0x080001a6   Section        0  memseta.o(.text)
    .text                                    0x080001ca   Section        0  fdiv.o(.text)
    .text                                    0x08000246   Section        0  fscalb.o(.text)
    .text                                    0x0800025e   Section        0  dadd.o(.text)
    .text                                    0x080003ac   Section        0  dmul.o(.text)
    .text                                    0x08000490   Section        0  ddiv.o(.text)
    .text                                    0x0800056e   Section        0  fflti.o(.text)
    .text                                    0x08000580   Section        0  ffltui.o(.text)
    .text                                    0x0800058a   Section        0  f2d.o(.text)
    .text                                    0x080005b0   Section        0  d2f.o(.text)
    .text                                    0x080005e8   Section        0  uidiv.o(.text)
    .text                                    0x08000614   Section        0  uldiv.o(.text)
    .text                                    0x08000676   Section        0  llshl.o(.text)
    .text                                    0x08000694   Section        0  llsshr.o(.text)
    .text                                    0x080006b8   Section        0  fepilogue.o(.text)
    .text                                    0x080006b8   Section        0  iusefp.o(.text)
    .text                                    0x08000726   Section        0  depilogue.o(.text)
    .text                                    0x080007e0   Section        0  dscalb.o(.text)
    .text                                    0x0800080e   Section        0  dflti.o(.text)
    .text                                    0x08000830   Section        0  dfixul.o(.text)
    .text                                    0x08000860   Section       48  cdrcmple.o(.text)
    .text                                    0x08000890   Section       36  init.o(.text)
    .text                                    0x080008b4   Section        0  dsqrt.o(.text)
    i.BusFault_Handler                       0x08000956   Section        0  stm32f1xx_it.o(i.BusFault_Handler)
    i.DebugMon_Handler                       0x08000958   Section        0  stm32f1xx_it.o(i.DebugMon_Handler)
    i.HAL_Delay                              0x0800095c   Section        0  stm32f1xx_hal.o(i.HAL_Delay)
    i.HAL_GPIO_Init                          0x08000980   Section        0  stm32f1xx_hal_gpio.o(i.HAL_GPIO_Init)
    i.HAL_GPIO_WritePin                      0x08000b3c   Section        0  stm32f1xx_hal_gpio.o(i.HAL_GPIO_WritePin)
    i.HAL_GetTick                            0x08000b48   Section        0  stm32f1xx_hal.o(i.HAL_GetTick)
    i.HAL_I2C_Init                           0x08000b54   Section        0  stm32f1xx_hal_i2c.o(i.HAL_I2C_Init)
    i.HAL_I2C_Mem_Read                       0x08000c94   Section        0  stm32f1xx_hal_i2c.o(i.HAL_I2C_Mem_Read)
    i.HAL_I2C_Mem_Write                      0x08000eb4   Section        0  stm32f1xx_hal_i2c.o(i.HAL_I2C_Mem_Write)
    i.HAL_I2C_MspInit                        0x08000ff0   Section        0  stm32f1xx_hal_msp.o(i.HAL_I2C_MspInit)
    i.HAL_IncTick                            0x0800104c   Section        0  stm32f1xx_hal.o(i.HAL_IncTick)
    i.HAL_Init                               0x0800105c   Section        0  stm32f1xx_hal.o(i.HAL_Init)
    i.HAL_InitTick                           0x08001080   Section        0  stm32f1xx_hal.o(i.HAL_InitTick)
    i.HAL_MspInit                            0x080010c0   Section        0  stm32f1xx_hal_msp.o(i.HAL_MspInit)
    i.HAL_NVIC_SetPriority                   0x080010fc   Section        0  stm32f1xx_hal_cortex.o(i.HAL_NVIC_SetPriority)
    i.HAL_NVIC_SetPriorityGrouping           0x0800113c   Section        0  stm32f1xx_hal_cortex.o(i.HAL_NVIC_SetPriorityGrouping)
    i.HAL_RCC_ClockConfig                    0x08001160   Section        0  stm32f1xx_hal_rcc.o(i.HAL_RCC_ClockConfig)
    i.HAL_RCC_GetPCLK1Freq                   0x080012cc   Section        0  stm32f1xx_hal_rcc.o(i.HAL_RCC_GetPCLK1Freq)
    i.HAL_RCC_GetPCLK2Freq                   0x080012ec   Section        0  stm32f1xx_hal_rcc.o(i.HAL_RCC_GetPCLK2Freq)
    i.HAL_RCC_GetSysClockFreq                0x0800130c   Section        0  stm32f1xx_hal_rcc.o(i.HAL_RCC_GetSysClockFreq)
    i.HAL_RCC_OscConfig                      0x08001378   Section        0  stm32f1xx_hal_rcc.o(i.HAL_RCC_OscConfig)
    i.HAL_SYSTICK_Config                     0x0800167c   Section        0  stm32f1xx_hal_cortex.o(i.HAL_SYSTICK_Config)
    i.HAL_UART_Init                          0x080016a4   Section        0  stm32f1xx_hal_uart.o(i.HAL_UART_Init)
    i.HAL_UART_MspInit                       0x08001708   Section        0  stm32f1xx_hal_msp.o(i.HAL_UART_MspInit)
    i.HAL_UART_Transmit                      0x08001778   Section        0  stm32f1xx_hal_uart.o(i.HAL_UART_Transmit)
    i.HardFault_Handler                      0x08001832   Section        0  stm32f1xx_it.o(i.HardFault_Handler)
    i.I2C_IsAcknowledgeFailed                0x08001834   Section        0  stm32f1xx_hal_i2c.o(i.I2C_IsAcknowledgeFailed)
    I2C_IsAcknowledgeFailed                  0x08001835   Thumb Code    40  stm32f1xx_hal_i2c.o(i.I2C_IsAcknowledgeFailed)
    i.I2C_RequestMemoryRead                  0x0800185c   Section        0  stm32f1xx_hal_i2c.o(i.I2C_RequestMemoryRead)
    I2C_RequestMemoryRead                    0x0800185d   Thumb Code   240  stm32f1xx_hal_i2c.o(i.I2C_RequestMemoryRead)
    i.I2C_RequestMemoryWrite                 0x0800194c   Section        0  stm32f1xx_hal_i2c.o(i.I2C_RequestMemoryWrite)
    I2C_RequestMemoryWrite                   0x0800194d   Thumb Code   156  stm32f1xx_hal_i2c.o(i.I2C_RequestMemoryWrite)
    i.I2C_WaitOnBTFFlagUntilTimeout          0x080019ec   Section        0  stm32f1xx_hal_i2c.o(i.I2C_WaitOnBTFFlagUntilTimeout)
    I2C_WaitOnBTFFlagUntilTimeout            0x080019ed   Thumb Code    78  stm32f1xx_hal_i2c.o(i.I2C_WaitOnBTFFlagUntilTimeout)
    i.I2C_WaitOnFlagUntilTimeout             0x08001a3a   Section        0  stm32f1xx_hal_i2c.o(i.I2C_WaitOnFlagUntilTimeout)
    I2C_WaitOnFlagUntilTimeout               0x08001a3b   Thumb Code    96  stm32f1xx_hal_i2c.o(i.I2C_WaitOnFlagUntilTimeout)
    i.I2C_WaitOnMasterAddressFlagUntilTimeout 0x08001a9c   Section        0  stm32f1xx_hal_i2c.o(i.I2C_WaitOnMasterAddressFlagUntilTimeout)
    I2C_WaitOnMasterAddressFlagUntilTimeout  0x08001a9d   Thumb Code   136  stm32f1xx_hal_i2c.o(i.I2C_WaitOnMasterAddressFlagUntilTimeout)
    i.I2C_WaitOnRXNEFlagUntilTimeout         0x08001b24   Section        0  stm32f1xx_hal_i2c.o(i.I2C_WaitOnRXNEFlagUntilTimeout)
    I2C_WaitOnRXNEFlagUntilTimeout           0x08001b25   Thumb Code    98  stm32f1xx_hal_i2c.o(i.I2C_WaitOnRXNEFlagUntilTimeout)
    i.I2C_WaitOnTXEFlagUntilTimeout          0x08001b86   Section        0  stm32f1xx_hal_i2c.o(i.I2C_WaitOnTXEFlagUntilTimeout)
    I2C_WaitOnTXEFlagUntilTimeout            0x08001b87   Thumb Code    78  stm32f1xx_hal_i2c.o(i.I2C_WaitOnTXEFlagUntilTimeout)
    i.MX_GPIO_Init                           0x08001bd4   Section        0  main.o(i.MX_GPIO_Init)
    MX_GPIO_Init                             0x08001bd5   Thumb Code   104  main.o(i.MX_GPIO_Init)
    i.MemManage_Handler                      0x08001c44   Section        0  stm32f1xx_it.o(i.MemManage_Handler)
    i.NMI_Handler                            0x08001c46   Section        0  stm32f1xx_it.o(i.NMI_Handler)
    i.NVIC_SetPriority                       0x08001c48   Section        0  stm32f1xx_hal_cortex.o(i.NVIC_SetPriority)
    NVIC_SetPriority                         0x08001c49   Thumb Code    32  stm32f1xx_hal_cortex.o(i.NVIC_SetPriority)
    i.PendSV_Handler                         0x08001c68   Section        0  stm32f1xx_it.o(i.PendSV_Handler)
    i.SVC_Handler                            0x08001c6a   Section        0  stm32f1xx_it.o(i.SVC_Handler)
    i.SysTick_Handler                        0x08001c6c   Section        0  stm32f1xx_it.o(i.SysTick_Handler)
    i.SystemClock_Config                     0x08001c70   Section        0  main.o(i.SystemClock_Config)
    i.SystemInit                             0x08001cbc   Section        0  system_stm32f1xx.o(i.SystemInit)
    i.UART_SetConfig                         0x08001d04   Section        0  stm32f1xx_hal_uart.o(i.UART_SetConfig)
    UART_SetConfig                           0x08001d05   Thumb Code   364  stm32f1xx_hal_uart.o(i.UART_SetConfig)
    i.UART_WaitOnFlagUntilTimeout            0x08001e74   Section        0  stm32f1xx_hal_uart.o(i.UART_WaitOnFlagUntilTimeout)
    UART_WaitOnFlagUntilTimeout              0x08001e75   Thumb Code   100  stm32f1xx_hal_uart.o(i.UART_WaitOnFlagUntilTimeout)
    i.UsageFault_Handler                     0x08001ed8   Section        0  stm32f1xx_it.o(i.UsageFault_Handler)
    i.__0sprintf                             0x08001edc   Section        0  printfa.o(i.__0sprintf)
    i.__ARM_fpclassify                       0x08001f04   Section        0  fpclassify.o(i.__ARM_fpclassify)
    i.__kernel_poly                          0x08001f2c   Section        0  poly.o(i.__kernel_poly)
    i.__mathlib_dbl_divzero                  0x08001fd8   Section        0  dunder.o(i.__mathlib_dbl_divzero)
    i.__mathlib_dbl_infnan2                  0x08001fe8   Section        0  dunder.o(i.__mathlib_dbl_infnan2)
    i.__mathlib_dbl_invalid                  0x08001fec   Section        0  dunder.o(i.__mathlib_dbl_invalid)
    i.__mathlib_dbl_overflow                 0x08001ff8   Section        0  dunder.o(i.__mathlib_dbl_overflow)
    i.__mathlib_dbl_underflow                0x08002008   Section        0  dunder.o(i.__mathlib_dbl_underflow)
    i.__scatterload_copy                     0x08002018   Section       14  handlers.o(i.__scatterload_copy)
    i.__scatterload_null                     0x08002026   Section        2  handlers.o(i.__scatterload_null)
    i.__scatterload_zeroinit                 0x08002028   Section       14  handlers.o(i.__scatterload_zeroinit)
    i.__set_errno                            0x08002038   Section        0  errno.o(i.__set_errno)
    i._fp_digits                             0x08002044   Section        0  printfa.o(i._fp_digits)
    _fp_digits                               0x08002045   Thumb Code   366  printfa.o(i._fp_digits)
    i._printf_core                           0x080021c8   Section        0  printfa.o(i._printf_core)
    _printf_core                             0x080021c9   Thumb Code  1744  printfa.o(i._printf_core)
    i._printf_post_padding                   0x080028a4   Section        0  printfa.o(i._printf_post_padding)
    _printf_post_padding                     0x080028a5   Thumb Code    36  printfa.o(i._printf_post_padding)
    i._printf_pre_padding                    0x080028c8   Section        0  printfa.o(i._printf_pre_padding)
    _printf_pre_padding                      0x080028c9   Thumb Code    46  printfa.o(i._printf_pre_padding)
    i._sputc                                 0x080028f6   Section        0  printfa.o(i._sputc)
    _sputc                                   0x080028f7   Thumb Code    10  printfa.o(i._sputc)
    i.bmp280_init                            0x08002900   Section        0  bmp280.o(i.bmp280_init)
    i.bmp280_init_default_params             0x080029c8   Section        0  bmp280.o(i.bmp280_init_default_params)
    i.bmp280_read_fixed                      0x080029da   Section        0  bmp280.o(i.bmp280_read_fixed)
    i.bmp280_read_float                      0x08002ae8   Section        0  bmp280.o(i.bmp280_read_float)
    i.compensate_pressure                    0x08002b3c   Section        0  bmp280.o(i.compensate_pressure)
    compensate_pressure                      0x08002b3d   Thumb Code   342  bmp280.o(i.compensate_pressure)
    i.main                                   0x08002c98   Section        0  main.o(i.main)
    i.pow                                    0x08002f14   Section        0  pow.o(i.pow)
    i.read_calibration_data                  0x080038ec   Section        0  bmp280.o(i.read_calibration_data)
    read_calibration_data                    0x080038ed   Thumb Code   176  bmp280.o(i.read_calibration_data)
    i.read_data                              0x0800399c   Section        0  bmp280.o(i.read_data)
    read_data                                0x0800399d   Thumb Code    42  bmp280.o(i.read_data)
    i.read_hum_calibration_data              0x080039c6   Section        0  bmp280.o(i.read_hum_calibration_data)
    read_hum_calibration_data                0x080039c7   Thumb Code   120  bmp280.o(i.read_hum_calibration_data)
    i.read_register16                        0x08003a3e   Section        0  bmp280.o(i.read_register16)
    read_register16                          0x08003a3f   Thumb Code    56  bmp280.o(i.read_register16)
    i.sqrt                                   0x08003a76   Section        0  sqrt.o(i.sqrt)
    i.write_register8                        0x08003ac2   Section        0  bmp280.o(i.write_register8)
    write_register8                          0x08003ac3   Thumb Code    46  bmp280.o(i.write_register8)
    .constdata                               0x08003af0   Section       16  system_stm32f1xx.o(.constdata)
    .constdata                               0x08003b00   Section        8  system_stm32f1xx.o(.constdata)
    .constdata                               0x08003b08   Section      136  pow.o(.constdata)
    bp                                       0x08003b08   Data          16  pow.o(.constdata)
    dp_h                                     0x08003b18   Data          16  pow.o(.constdata)
    dp_l                                     0x08003b28   Data          16  pow.o(.constdata)
    L                                        0x08003b38   Data          48  pow.o(.constdata)
    P                                        0x08003b68   Data          40  pow.o(.constdata)
    .constdata                               0x08003b90   Section        8  qnan.o(.constdata)
    .data                                    0x20000000   Section        4  system_stm32f1xx.o(.data)
    .data                                    0x20000004   Section       12  stm32f1xx_hal.o(.data)
    .data                                    0x20000010   Section       24  main.o(.data)
    .data                                    0x20000028   Section        4  errno.o(.data)
    _errno                                   0x20000028   Data           4  errno.o(.data)
    .bss                                     0x2000002c   Section      456  main.o(.bss)
    STACK                                    0x200001f8   Section     1024  startup_stm32f103xb.o(STACK)

    Global Symbols

    Symbol Name                              Value     Ov Type        Size  Object(Section)

    BuildAttributes$$THM_ISAv4$P$D$K$B$S$PE$A:L22UL41UL21$X:L11$S22US41US21$IEEE1$IW$USESV6$~STKCKD$USESV7$~SHL$OTIME$ROPI$IEEEX$EBA8$MICROLIB$REQ8$PRES8$EABIv2 0x00000000   Number         0  anon$$obj.o ABSOLUTE
    __ARM_use_no_argv                        0x00000000   Number         0  main.o ABSOLUTE
    _printf_a                                0x00000000   Number         0  stubs.o ABSOLUTE
    _printf_c                                0x00000000   Number         0  stubs.o ABSOLUTE
    _printf_charcount                        0x00000000   Number         0  stubs.o ABSOLUTE
    _printf_d                                0x00000000   Number         0  stubs.o ABSOLUTE
    _printf_e                                0x00000000   Number         0  stubs.o ABSOLUTE
    _printf_f                                0x00000000   Number         0  stubs.o ABSOLUTE
    _printf_flags                            0x00000000   Number         0  stubs.o ABSOLUTE
    _printf_fp_dec                           0x00000000   Number         0  stubs.o ABSOLUTE
    _printf_fp_hex                           0x00000000   Number         0  stubs.o ABSOLUTE
    _printf_g                                0x00000000   Number         0  stubs.o ABSOLUTE
    _printf_i                                0x00000000   Number         0  stubs.o ABSOLUTE
    _printf_int_dec                          0x00000000   Number         0  stubs.o ABSOLUTE
    _printf_l                                0x00000000   Number         0  stubs.o ABSOLUTE
    _printf_lc                               0x00000000   Number         0  stubs.o ABSOLUTE
    _printf_ll                               0x00000000   Number         0  stubs.o ABSOLUTE
    _printf_lld                              0x00000000   Number         0  stubs.o ABSOLUTE
    _printf_lli                              0x00000000   Number         0  stubs.o ABSOLUTE
    _printf_llo                              0x00000000   Number         0  stubs.o ABSOLUTE
    _printf_llu                              0x00000000   Number         0  stubs.o ABSOLUTE
    _printf_llx                              0x00000000   Number         0  stubs.o ABSOLUTE
    _printf_longlong_dec                     0x00000000   Number         0  stubs.o ABSOLUTE
    _printf_longlong_hex                     0x00000000   Number         0  stubs.o ABSOLUTE
    _printf_longlong_oct                     0x00000000   Number         0  stubs.o ABSOLUTE
    _printf_ls                               0x00000000   Number         0  stubs.o ABSOLUTE
    _printf_mbtowc                           0x00000000   Number         0  stubs.o ABSOLUTE
    _printf_n                                0x00000000   Number         0  stubs.o ABSOLUTE
    _printf_o                                0x00000000   Number         0  stubs.o ABSOLUTE
    _printf_p                                0x00000000   Number         0  stubs.o ABSOLUTE
    _printf_percent                          0x00000000   Number         0  stubs.o ABSOLUTE
    _printf_pre_padding                      0x00000000   Number         0  stubs.o ABSOLUTE
    _printf_return_value                     0x00000000   Number         0  stubs.o ABSOLUTE
    _printf_s                                0x00000000   Number         0  stubs.o ABSOLUTE
    _printf_sizespec                         0x00000000   Number         0  stubs.o ABSOLUTE
    _printf_str                              0x00000000   Number         0  stubs.o ABSOLUTE
    _printf_truncate_signed                  0x00000000   Number         0  stubs.o ABSOLUTE
    _printf_truncate_unsigned                0x00000000   Number         0  stubs.o ABSOLUTE
    _printf_u                                0x00000000   Number         0  stubs.o ABSOLUTE
    _printf_wc                               0x00000000   Number         0  stubs.o ABSOLUTE
    _printf_wctomb                           0x00000000   Number         0  stubs.o ABSOLUTE
    _printf_widthprec                        0x00000000   Number         0  stubs.o ABSOLUTE
    _printf_x                                0x00000000   Number         0  stubs.o ABSOLUTE
    __cpp_initialize__aeabi_                  - Undefined Weak Reference
    __cxa_finalize                            - Undefined Weak Reference
    __decompress                              - Undefined Weak Reference
    _clock_init                               - Undefined Weak Reference
    _microlib_exit                            - Undefined Weak Reference
    __Vectors_Size                           0x000000ec   Number         0  startup_stm32f103xb.o ABSOLUTE
    __Vectors                                0x08000000   Data           4  startup_stm32f103xb.o(RESET)
    __Vectors_End                            0x080000ec   Data           0  startup_stm32f103xb.o(RESET)
    __main                                   0x080000ed   Thumb Code     0  entry.o(.ARM.Collect$$$$00000000)
    _main_stk                                0x080000ed   Thumb Code     0  entry2.o(.ARM.Collect$$$$00000001)
    _main_scatterload                        0x080000f1   Thumb Code     0  entry5.o(.ARM.Collect$$$$00000004)
    __main_after_scatterload                 0x080000f5   Thumb Code     0  entry5.o(.ARM.Collect$$$$00000004)
    _main_clock                              0x080000f5   Thumb Code     0  entry7b.o(.ARM.Collect$$$$00000008)
    _main_cpp_init                           0x080000f5   Thumb Code     0  entry8b.o(.ARM.Collect$$$$0000000A)
    _main_init                               0x080000f5   Thumb Code     0  entry9a.o(.ARM.Collect$$$$0000000B)
    __rt_final_cpp                           0x080000fd   Thumb Code     0  entry10a.o(.ARM.Collect$$$$0000000D)
    __rt_final_exit                          0x080000fd   Thumb Code     0  entry11a.o(.ARM.Collect$$$$0000000F)
    Reset_Handler                            0x08000101   Thumb Code     8  startup_stm32f103xb.o(.text)
    ADC1_2_IRQHandler                        0x0800011b   Thumb Code     0  startup_stm32f103xb.o(.text)
    CAN1_RX1_IRQHandler                      0x0800011b   Thumb Code     0  startup_stm32f103xb.o(.text)
    CAN1_SCE_IRQHandler                      0x0800011b   Thumb Code     0  startup_stm32f103xb.o(.text)
    DMA1_Channel1_IRQHandler                 0x0800011b   Thumb Code     0  startup_stm32f103xb.o(.text)
    DMA1_Channel2_IRQHandler                 0x0800011b   Thumb Code     0  startup_stm32f103xb.o(.text)
    DMA1_Channel3_IRQHandler                 0x0800011b   Thumb Code     0  startup_stm32f103xb.o(.text)
    DMA1_Channel4_IRQHandler                 0x0800011b   Thumb Code     0  startup_stm32f103xb.o(.text)
    DMA1_Channel5_IRQHandler                 0x0800011b   Thumb Code     0  startup_stm32f103xb.o(.text)
    DMA1_Channel6_IRQHandler                 0x0800011b   Thumb Code     0  startup_stm32f103xb.o(.text)
    DMA1_Channel7_IRQHandler                 0x0800011b   Thumb Code     0  startup_stm32f103xb.o(.text)
    EXTI0_IRQHandler                         0x0800011b   Thumb Code     0  startup_stm32f103xb.o(.text)
    EXTI15_10_IRQHandler                     0x0800011b   Thumb Code     0  startup_stm32f103xb.o(.text)
    EXTI1_IRQHandler                         0x0800011b   Thumb Code     0  startup_stm32f103xb.o(.text)
    EXTI2_IRQHandler                         0x0800011b   Thumb Code     0  startup_stm32f103xb.o(.text)
    EXTI3_IRQHandler                         0x0800011b   Thumb Code     0  startup_stm32f103xb.o(.text)
    EXTI4_IRQHandler                         0x0800011b   Thumb Code     0  startup_stm32f103xb.o(.text)
    EXTI9_5_IRQHandler                       0x0800011b   Thumb Code     0  startup_stm32f103xb.o(.text)
    FLASH_IRQHandler                         0x0800011b   Thumb Code     0  startup_stm32f103xb.o(.text)
    I2C1_ER_IRQHandler                       0x0800011b   Thumb Code     0  startup_stm32f103xb.o(.text)
    I2C1_EV_IRQHandler                       0x0800011b   Thumb Code     0  startup_stm32f103xb.o(.text)
    I2C2_ER_IRQHandler                       0x0800011b   Thumb Code     0  startup_stm32f103xb.o(.text)
    I2C2_EV_IRQHandler                       0x0800011b   Thumb Code     0  startup_stm32f103xb.o(.text)
    PVD_IRQHandler                           0x0800011b   Thumb Code     0  startup_stm32f103xb.o(.text)
    RCC_IRQHandler                           0x0800011b   Thumb Code     0  startup_stm32f103xb.o(.text)
    RTC_Alarm_IRQHandler                     0x0800011b   Thumb Code     0  startup_stm32f103xb.o(.text)
    RTC_IRQHandler                           0x0800011b   Thumb Code     0  startup_stm32f103xb.o(.text)
    SPI1_IRQHandler                          0x0800011b   Thumb Code     0  startup_stm32f103xb.o(.text)
    SPI2_IRQHandler                          0x0800011b   Thumb Code     0  startup_stm32f103xb.o(.text)
    TAMPER_IRQHandler                        0x0800011b   Thumb Code     0  startup_stm32f103xb.o(.text)
    TIM1_BRK_IRQHandler                      0x0800011b   Thumb Code     0  startup_stm32f103xb.o(.text)
    TIM1_CC_IRQHandler                       0x0800011b   Thumb Code     0  startup_stm32f103xb.o(.text)
    TIM1_TRG_COM_IRQHandler                  0x0800011b   Thumb Code     0  startup_stm32f103xb.o(.text)
    TIM1_UP_IRQHandler                       0x0800011b   Thumb Code     0  startup_stm32f103xb.o(.text)
    TIM2_IRQHandler                          0x0800011b   Thumb Code     0  startup_stm32f103xb.o(.text)
    TIM3_IRQHandler                          0x0800011b   Thumb Code     0  startup_stm32f103xb.o(.text)
    TIM4_IRQHandler                          0x0800011b   Thumb Code     0  startup_stm32f103xb.o(.text)
    USART1_IRQHandler                        0x0800011b   Thumb Code     0  startup_stm32f103xb.o(.text)
    USART2_IRQHandler                        0x0800011b   Thumb Code     0  startup_stm32f103xb.o(.text)
    USART3_IRQHandler                        0x0800011b   Thumb Code     0  startup_stm32f103xb.o(.text)
    USBWakeUp_IRQHandler                     0x0800011b   Thumb Code     0  startup_stm32f103xb.o(.text)
    USB_HP_CAN1_TX_IRQHandler                0x0800011b   Thumb Code     0  startup_stm32f103xb.o(.text)
    USB_LP_CAN1_RX0_IRQHandler               0x0800011b   Thumb Code     0  startup_stm32f103xb.o(.text)
    WWDG_IRQHandler                          0x0800011b   Thumb Code     0  startup_stm32f103xb.o(.text)
    __aeabi_ldivmod                          0x08000125   Thumb Code    98  ldiv.o(.text)
    __aeabi_llsr                             0x08000187   Thumb Code    32  llushr.o(.text)
    _ll_ushift_r                             0x08000187   Thumb Code     0  llushr.o(.text)
    __aeabi_memset                           0x080001a7   Thumb Code    14  memseta.o(.text)
    __aeabi_memset4                          0x080001a7   Thumb Code     0  memseta.o(.text)
    __aeabi_memset8                          0x080001a7   Thumb Code     0  memseta.o(.text)
    __aeabi_memclr                           0x080001b5   Thumb Code     4  memseta.o(.text)
    __aeabi_memclr4                          0x080001b5   Thumb Code     0  memseta.o(.text)
    __aeabi_memclr8                          0x080001b5   Thumb Code     0  memseta.o(.text)
    _memset$wrapper                          0x080001b9   Thumb Code    18  memseta.o(.text)
    __aeabi_fdiv                             0x080001cb   Thumb Code   124  fdiv.o(.text)
    __ARM_scalbnf                            0x08000247   Thumb Code    24  fscalb.o(.text)
    scalbnf                                  0x08000247   Thumb Code     0  fscalb.o(.text)
    __aeabi_dadd                             0x0800025f   Thumb Code   322  dadd.o(.text)
    __aeabi_dsub                             0x080003a1   Thumb Code     6  dadd.o(.text)
    __aeabi_drsub                            0x080003a7   Thumb Code     6  dadd.o(.text)
    __aeabi_dmul                             0x080003ad   Thumb Code   228  dmul.o(.text)
    __aeabi_ddiv                             0x08000491   Thumb Code   222  ddiv.o(.text)
    __aeabi_i2f                              0x0800056f   Thumb Code    18  fflti.o(.text)
    __aeabi_ui2f                             0x08000581   Thumb Code    10  ffltui.o(.text)
    __aeabi_f2d                              0x0800058b   Thumb Code    38  f2d.o(.text)
    __aeabi_d2f                              0x080005b1   Thumb Code    56  d2f.o(.text)
    __aeabi_uidiv                            0x080005e9   Thumb Code     0  uidiv.o(.text)
    __aeabi_uidivmod                         0x080005e9   Thumb Code    44  uidiv.o(.text)
    __aeabi_uldivmod                         0x08000615   Thumb Code    98  uldiv.o(.text)
    __aeabi_llsl                             0x08000677   Thumb Code    30  llshl.o(.text)
    _ll_shift_l                              0x08000677   Thumb Code     0  llshl.o(.text)
    __aeabi_lasr                             0x08000695   Thumb Code    36  llsshr.o(.text)
    _ll_sshift_r                             0x08000695   Thumb Code     0  llsshr.o(.text)
    __I$use$fp                               0x080006b9   Thumb Code     0  iusefp.o(.text)
    _float_round                             0x080006b9   Thumb Code    18  fepilogue.o(.text)
    _float_epilogue                          0x080006cb   Thumb Code    92  fepilogue.o(.text)
    _double_round                            0x08000727   Thumb Code    30  depilogue.o(.text)
    _double_epilogue                         0x08000745   Thumb Code   156  depilogue.o(.text)
    __ARM_scalbn                             0x080007e1   Thumb Code    46  dscalb.o(.text)
    scalbn                                   0x080007e1   Thumb Code     0  dscalb.o(.text)
    __aeabi_i2d                              0x0800080f   Thumb Code    34  dflti.o(.text)
    __aeabi_d2ulz                            0x08000831   Thumb Code    48  dfixul.o(.text)
    __aeabi_cdrcmple                         0x08000861   Thumb Code    48  cdrcmple.o(.text)
    __scatterload                            0x08000891   Thumb Code    28  init.o(.text)
    __scatterload_rt2                        0x08000891   Thumb Code     0  init.o(.text)
    _dsqrt                                   0x080008b5   Thumb Code   162  dsqrt.o(.text)
    BusFault_Handler                         0x08000957   Thumb Code     2  stm32f1xx_it.o(i.BusFault_Handler)
    DebugMon_Handler                         0x08000959   Thumb Code     2  stm32f1xx_it.o(i.DebugMon_Handler)
    HAL_Delay                                0x0800095d   Thumb Code    32  stm32f1xx_hal.o(i.HAL_Delay)
    HAL_GPIO_Init                            0x08000981   Thumb Code   408  stm32f1xx_hal_gpio.o(i.HAL_GPIO_Init)
    HAL_GPIO_WritePin                        0x08000b3d   Thumb Code    10  stm32f1xx_hal_gpio.o(i.HAL_GPIO_WritePin)
    HAL_GetTick                              0x08000b49   Thumb Code     6  stm32f1xx_hal.o(i.HAL_GetTick)
    HAL_I2C_Init                             0x08000b55   Thumb Code   302  stm32f1xx_hal_i2c.o(i.HAL_I2C_Init)
    HAL_I2C_Mem_Read                         0x08000c95   Thumb Code   530  stm32f1xx_hal_i2c.o(i.HAL_I2C_Mem_Read)
    HAL_I2C_Mem_Write                        0x08000eb5   Thumb Code   306  stm32f1xx_hal_i2c.o(i.HAL_I2C_Mem_Write)
    HAL_I2C_MspInit                          0x08000ff1   Thumb Code    80  stm32f1xx_hal_msp.o(i.HAL_I2C_MspInit)
    HAL_IncTick                              0x0800104d   Thumb Code    12  stm32f1xx_hal.o(i.HAL_IncTick)
    HAL_Init                                 0x0800105d   Thumb Code    32  stm32f1xx_hal.o(i.HAL_Init)
    HAL_InitTick                             0x08001081   Thumb Code    54  stm32f1xx_hal.o(i.HAL_InitTick)
    HAL_MspInit                              0x080010c1   Thumb Code    52  stm32f1xx_hal_msp.o(i.HAL_MspInit)
    HAL_NVIC_SetPriority                     0x080010fd   Thumb Code    60  stm32f1xx_hal_cortex.o(i.HAL_NVIC_SetPriority)
    HAL_NVIC_SetPriorityGrouping             0x0800113d   Thumb Code    26  stm32f1xx_hal_cortex.o(i.HAL_NVIC_SetPriorityGrouping)
    HAL_RCC_ClockConfig                      0x08001161   Thumb Code   346  stm32f1xx_hal_rcc.o(i.HAL_RCC_ClockConfig)
    HAL_RCC_GetPCLK1Freq                     0x080012cd   Thumb Code    20  stm32f1xx_hal_rcc.o(i.HAL_RCC_GetPCLK1Freq)
    HAL_RCC_GetPCLK2Freq                     0x080012ed   Thumb Code    20  stm32f1xx_hal_rcc.o(i.HAL_RCC_GetPCLK2Freq)
    HAL_RCC_GetSysClockFreq                  0x0800130d   Thumb Code    74  stm32f1xx_hal_rcc.o(i.HAL_RCC_GetSysClockFreq)
    HAL_RCC_OscConfig                        0x08001379   Thumb Code   750  stm32f1xx_hal_rcc.o(i.HAL_RCC_OscConfig)
    HAL_SYSTICK_Config                       0x0800167d   Thumb Code    40  stm32f1xx_hal_cortex.o(i.HAL_SYSTICK_Config)
    HAL_UART_Init                            0x080016a5   Thumb Code    98  stm32f1xx_hal_uart.o(i.HAL_UART_Init)
    HAL_UART_MspInit                         0x08001709   Thumb Code   100  stm32f1xx_hal_msp.o(i.HAL_UART_MspInit)
    HAL_UART_Transmit                        0x08001779   Thumb Code   186  stm32f1xx_hal_uart.o(i.HAL_UART_Transmit)
    HardFault_Handler                        0x08001833   Thumb Code     2  stm32f1xx_it.o(i.HardFault_Handler)
    MemManage_Handler                        0x08001c45   Thumb Code     2  stm32f1xx_it.o(i.MemManage_Handler)
    NMI_Handler                              0x08001c47   Thumb Code     2  stm32f1xx_it.o(i.NMI_Handler)
    PendSV_Handler                           0x08001c69   Thumb Code     2  stm32f1xx_it.o(i.PendSV_Handler)
    SVC_Handler                              0x08001c6b   Thumb Code     2  stm32f1xx_it.o(i.SVC_Handler)
    SysTick_Handler                          0x08001c6d   Thumb Code     4  stm32f1xx_it.o(i.SysTick_Handler)
    SystemClock_Config                       0x08001c71   Thumb Code    76  main.o(i.SystemClock_Config)
    SystemInit                               0x08001cbd   Thumb Code    56  system_stm32f1xx.o(i.SystemInit)
    UsageFault_Handler                       0x08001ed9   Thumb Code     2  stm32f1xx_it.o(i.UsageFault_Handler)
    __0sprintf                               0x08001edd   Thumb Code    34  printfa.o(i.__0sprintf)
    __1sprintf                               0x08001edd   Thumb Code     0  printfa.o(i.__0sprintf)
    __2sprintf                               0x08001edd   Thumb Code     0  printfa.o(i.__0sprintf)
    __c89sprintf                             0x08001edd   Thumb Code     0  printfa.o(i.__0sprintf)
    sprintf                                  0x08001edd   Thumb Code     0  printfa.o(i.__0sprintf)
    __ARM_fpclassify                         0x08001f05   Thumb Code    40  fpclassify.o(i.__ARM_fpclassify)
    __kernel_poly                            0x08001f2d   Thumb Code   170  poly.o(i.__kernel_poly)
    __mathlib_dbl_divzero                    0x08001fd9   Thumb Code    12  dunder.o(i.__mathlib_dbl_divzero)
    __mathlib_dbl_infnan2                    0x08001fe9   Thumb Code     4  dunder.o(i.__mathlib_dbl_infnan2)
    __mathlib_dbl_invalid                    0x08001fed   Thumb Code    12  dunder.o(i.__mathlib_dbl_invalid)
    __mathlib_dbl_overflow                   0x08001ff9   Thumb Code    14  dunder.o(i.__mathlib_dbl_overflow)
    __mathlib_dbl_underflow                  0x08002009   Thumb Code    10  dunder.o(i.__mathlib_dbl_underflow)
    __scatterload_copy                       0x08002019   Thumb Code    14  handlers.o(i.__scatterload_copy)
    __scatterload_null                       0x08002027   Thumb Code     2  handlers.o(i.__scatterload_null)
    __scatterload_zeroinit                   0x08002029   Thumb Code    14  handlers.o(i.__scatterload_zeroinit)
    __set_errno                              0x08002039   Thumb Code     6  errno.o(i.__set_errno)
    bmp280_init                              0x08002901   Thumb Code   200  bmp280.o(i.bmp280_init)
    bmp280_init_default_params               0x080029c9   Thumb Code    18  bmp280.o(i.bmp280_init_default_params)
    bmp280_read_fixed                        0x080029db   Thumb Code   270  bmp280.o(i.bmp280_read_fixed)
    bmp280_read_float                        0x08002ae9   Thumb Code    80  bmp280.o(i.bmp280_read_float)
    main                                     0x08002c99   Thumb Code   414  main.o(i.main)
    pow                                      0x08002f15   Thumb Code  2512  pow.o(i.pow)
    sqrt                                     0x08003a77   Thumb Code    76  sqrt.o(i.sqrt)
    AHBPrescTable                            0x08003af0   Data          16  system_stm32f1xx.o(.constdata)
    APBPrescTable                            0x08003b00   Data           8  system_stm32f1xx.o(.constdata)
    __mathlib_zero                           0x08003b90   Data           8  qnan.o(.constdata)
    Region$$Table$$Base                      0x08003b98   Number         0  anon$$obj.o(Region$$Table)
    Region$$Table$$Limit                     0x08003bb8   Number         0  anon$$obj.o(Region$$Table)
    SystemCoreClock                          0x20000000   Data           4  system_stm32f1xx.o(.data)
    uwTickFreq                               0x20000004   Data           1  stm32f1xx_hal.o(.data)
    uwTickPrio                               0x20000008   Data           4  stm32f1xx_hal.o(.data)
    uwTick                                   0x2000000c   Data           4  stm32f1xx_hal.o(.data)
    size                                     0x20000010   Data           2  main.o(.data)
    altitude                                 0x20000014   Data           4  main.o(.data)
    pressure                                 0x20000018   Data           4  main.o(.data)
    p                                        0x2000001c   Data           4  main.o(.data)
    temperature                              0x20000020   Data           4  main.o(.data)
    humidity                                 0x20000024   Data           4  main.o(.data)
    Data                                     0x2000002c   Data         256  main.o(.bss)
    hi2c1                                    0x2000012c   Data          84  main.o(.bss)
    huart1                                   0x20000180   Data          64  main.o(.bss)
    bmp280                                   0x200001c0   Data          52  main.o(.bss)
    __initial_sp                             0x200005f8   Data           0  startup_stm32f103xb.o(STACK)



==============================================================================

Memory Map of the image

  Image Entry point : 0x080000ed

  Load Region LR_IROM1 (Base: 0x08000000, Size: 0x00003be4, Max: 0x00010000, ABSOLUTE)

    Execution Region ER_IROM1 (Exec base: 0x08000000, Load base: 0x08000000, Size: 0x00003bb8, Max: 0x00010000, ABSOLUTE)

    Exec Addr    Load Addr    Size         Type   Attr      Idx    E Section Name        Object

    0x08000000   0x08000000   0x000000ec   Data   RO         1807    RESET               startup_stm32f103xb.o
    0x080000ec   0x080000ec   0x00000000   Code   RO         2223  * .ARM.Collect$$$$00000000  mc_w.l(entry.o)
    0x080000ec   0x080000ec   0x00000004   Code   RO         2545    .ARM.Collect$$$$00000001  mc_w.l(entry2.o)
    0x080000f0   0x080000f0   0x00000004   Code   RO         2548    .ARM.Collect$$$$00000004  mc_w.l(entry5.o)
    0x080000f4   0x080000f4   0x00000000   Code   RO         2550    .ARM.Collect$$$$00000008  mc_w.l(entry7b.o)
    0x080000f4   0x080000f4   0x00000000   Code   RO         2552    .ARM.Collect$$$$0000000A  mc_w.l(entry8b.o)
    0x080000f4   0x080000f4   0x00000008   Code   RO         2553    .ARM.Collect$$$$0000000B  mc_w.l(entry9a.o)
    0x080000fc   0x080000fc   0x00000000   Code   RO         2555    .ARM.Collect$$$$0000000D  mc_w.l(entry10a.o)
    0x080000fc   0x080000fc   0x00000000   Code   RO         2557    .ARM.Collect$$$$0000000F  mc_w.l(entry11a.o)
    0x080000fc   0x080000fc   0x00000004   Code   RO         2546    .ARM.Collect$$$$00002712  mc_w.l(entry2.o)
    0x08000100   0x08000100   0x00000024   Code   RO         1808    .text               startup_stm32f103xb.o
    0x08000124   0x08000124   0x00000062   Code   RO         2233    .text               mc_w.l(ldiv.o)
    0x08000186   0x08000186   0x00000020   Code   RO         2235    .text               mc_w.l(llushr.o)
    0x080001a6   0x080001a6   0x00000024   Code   RO         2237    .text               mc_w.l(memseta.o)
    0x080001ca   0x080001ca   0x0000007c   Code   RO         2500    .text               mf_w.l(fdiv.o)
    0x08000246   0x08000246   0x00000018   Code   RO         2502    .text               mf_w.l(fscalb.o)
    0x0800025e   0x0800025e   0x0000014e   Code   RO         2504    .text               mf_w.l(dadd.o)
    0x080003ac   0x080003ac   0x000000e4   Code   RO         2506    .text               mf_w.l(dmul.o)
    0x08000490   0x08000490   0x000000de   Code   RO         2508    .text               mf_w.l(ddiv.o)
    0x0800056e   0x0800056e   0x00000012   Code   RO         2510    .text               mf_w.l(fflti.o)
    0x08000580   0x08000580   0x0000000a   Code   RO         2512    .text               mf_w.l(ffltui.o)
    0x0800058a   0x0800058a   0x00000026   Code   RO         2514    .text               mf_w.l(f2d.o)
    0x080005b0   0x080005b0   0x00000038   Code   RO         2516    .text               mf_w.l(d2f.o)
    0x080005e8   0x080005e8   0x0000002c   Code   RO         2559    .text               mc_w.l(uidiv.o)
    0x08000614   0x08000614   0x00000062   Code   RO         2561    .text               mc_w.l(uldiv.o)
    0x08000676   0x08000676   0x0000001e   Code   RO         2563    .text               mc_w.l(llshl.o)
    0x08000694   0x08000694   0x00000024   Code   RO         2565    .text               mc_w.l(llsshr.o)
    0x080006b8   0x080006b8   0x00000000   Code   RO         2574    .text               mc_w.l(iusefp.o)
    0x080006b8   0x080006b8   0x0000006e   Code   RO         2575    .text               mf_w.l(fepilogue.o)
    0x08000726   0x08000726   0x000000ba   Code   RO         2577    .text               mf_w.l(depilogue.o)
    0x080007e0   0x080007e0   0x0000002e   Code   RO         2579    .text               mf_w.l(dscalb.o)
    0x0800080e   0x0800080e   0x00000022   Code   RO         2581    .text               mf_w.l(dflti.o)
    0x08000830   0x08000830   0x00000030   Code   RO         2583    .text               mf_w.l(dfixul.o)
    0x08000860   0x08000860   0x00000030   Code   RO         2585    .text               mf_w.l(cdrcmple.o)
    0x08000890   0x08000890   0x00000024   Code   RO         2587    .text               mc_w.l(init.o)
    0x080008b4   0x080008b4   0x000000a2   Code   RO         2589    .text               mf_w.l(dsqrt.o)
    0x08000956   0x08000956   0x00000002   Code   RO         1945    i.BusFault_Handler  stm32f1xx_it.o
    0x08000958   0x08000958   0x00000002   Code   RO         1946    i.DebugMon_Handler  stm32f1xx_it.o
    0x0800095a   0x0800095a   0x00000002   PAD
    0x0800095c   0x0800095c   0x00000024   Code   RO          924    i.HAL_Delay         stm32f1xx_hal.o
    0x08000980   0x08000980   0x000001bc   Code   RO         1220    i.HAL_GPIO_Init     stm32f1xx_hal_gpio.o
    0x08000b3c   0x08000b3c   0x0000000a   Code   RO         1224    i.HAL_GPIO_WritePin  stm32f1xx_hal_gpio.o
    0x08000b46   0x08000b46   0x00000002   PAD
    0x08000b48   0x08000b48   0x0000000c   Code   RO          928    i.HAL_GetTick       stm32f1xx_hal.o
    0x08000b54   0x08000b54   0x00000140   Code   RO          168    i.HAL_I2C_Init      stm32f1xx_hal_i2c.o
    0x08000c94   0x08000c94   0x00000220   Code   RO          184    i.HAL_I2C_Mem_Read  stm32f1xx_hal_i2c.o
    0x08000eb4   0x08000eb4   0x0000013c   Code   RO          187    i.HAL_I2C_Mem_Write  stm32f1xx_hal_i2c.o
    0x08000ff0   0x08000ff0   0x0000005c   Code   RO         2024    i.HAL_I2C_MspInit   stm32f1xx_hal_msp.o
    0x0800104c   0x0800104c   0x00000010   Code   RO          932    i.HAL_IncTick       stm32f1xx_hal.o
    0x0800105c   0x0800105c   0x00000024   Code   RO          933    i.HAL_Init          stm32f1xx_hal.o
    0x08001080   0x08001080   0x00000040   Code   RO          934    i.HAL_InitTick      stm32f1xx_hal.o
    0x080010c0   0x080010c0   0x0000003c   Code   RO         2025    i.HAL_MspInit       stm32f1xx_hal_msp.o
    0x080010fc   0x080010fc   0x00000040   Code   RO         1386    i.HAL_NVIC_SetPriority  stm32f1xx_hal_cortex.o
    0x0800113c   0x0800113c   0x00000024   Code   RO         1387    i.HAL_NVIC_SetPriorityGrouping  stm32f1xx_hal_cortex.o
    0x08001160   0x08001160   0x0000016c   Code   RO         1080    i.HAL_RCC_ClockConfig  stm32f1xx_hal_rcc.o
    0x080012cc   0x080012cc   0x00000020   Code   RO         1087    i.HAL_RCC_GetPCLK1Freq  stm32f1xx_hal_rcc.o
    0x080012ec   0x080012ec   0x00000020   Code   RO         1088    i.HAL_RCC_GetPCLK2Freq  stm32f1xx_hal_rcc.o
    0x0800130c   0x0800130c   0x0000006c   Code   RO         1089    i.HAL_RCC_GetSysClockFreq  stm32f1xx_hal_rcc.o
    0x08001378   0x08001378   0x00000304   Code   RO         1092    i.HAL_RCC_OscConfig  stm32f1xx_hal_rcc.o
    0x0800167c   0x0800167c   0x00000028   Code   RO         1391    i.HAL_SYSTICK_Config  stm32f1xx_hal_cortex.o
    0x080016a4   0x080016a4   0x00000062   Code   RO          616    i.HAL_UART_Init     stm32f1xx_hal_uart.o
    0x08001706   0x08001706   0x00000002   PAD
    0x08001708   0x08001708   0x00000070   Code   RO         2027    i.HAL_UART_MspInit  stm32f1xx_hal_msp.o
    0x08001778   0x08001778   0x000000ba   Code   RO          624    i.HAL_UART_Transmit  stm32f1xx_hal_uart.o
    0x08001832   0x08001832   0x00000002   Code   RO         1947    i.HardFault_Handler  stm32f1xx_it.o
    0x08001834   0x08001834   0x00000028   Code   RO          206    i.I2C_IsAcknowledgeFailed  stm32f1xx_hal_i2c.o
    0x0800185c   0x0800185c   0x000000f0   Code   RO          215    i.I2C_RequestMemoryRead  stm32f1xx_hal_i2c.o
    0x0800194c   0x0800194c   0x000000a0   Code   RO          216    i.I2C_RequestMemoryWrite  stm32f1xx_hal_i2c.o
    0x080019ec   0x080019ec   0x0000004e   Code   RO          219    i.I2C_WaitOnBTFFlagUntilTimeout  stm32f1xx_hal_i2c.o
    0x08001a3a   0x08001a3a   0x00000060   Code   RO          220    i.I2C_WaitOnFlagUntilTimeout  stm32f1xx_hal_i2c.o
    0x08001a9a   0x08001a9a   0x00000002   PAD
    0x08001a9c   0x08001a9c   0x00000088   Code   RO          221    i.I2C_WaitOnMasterAddressFlagUntilTimeout  stm32f1xx_hal_i2c.o
    0x08001b24   0x08001b24   0x00000062   Code   RO          222    i.I2C_WaitOnRXNEFlagUntilTimeout  stm32f1xx_hal_i2c.o
    0x08001b86   0x08001b86   0x0000004e   Code   RO          223    i.I2C_WaitOnTXEFlagUntilTimeout  stm32f1xx_hal_i2c.o
    0x08001bd4   0x08001bd4   0x00000070   Code   RO         1816    i.MX_GPIO_Init      main.o
    0x08001c44   0x08001c44   0x00000002   Code   RO         1948    i.MemManage_Handler  stm32f1xx_it.o
    0x08001c46   0x08001c46   0x00000002   Code   RO         1949    i.NMI_Handler       stm32f1xx_it.o
    0x08001c48   0x08001c48   0x00000020   Code   RO         1393    i.NVIC_SetPriority  stm32f1xx_hal_cortex.o
    0x08001c68   0x08001c68   0x00000002   Code   RO         1950    i.PendSV_Handler    stm32f1xx_it.o
    0x08001c6a   0x08001c6a   0x00000002   Code   RO         1951    i.SVC_Handler       stm32f1xx_it.o
    0x08001c6c   0x08001c6c   0x00000004   Code   RO         1952    i.SysTick_Handler   stm32f1xx_it.o
    0x08001c70   0x08001c70   0x0000004c   Code   RO         1817    i.SystemClock_Config  main.o
    0x08001cbc   0x08001cbc   0x00000048   Code   RO            5    i.SystemInit        system_stm32f1xx.o
    0x08001d04   0x08001d04   0x00000170   Code   RO          642    i.UART_SetConfig    stm32f1xx_hal_uart.o
    0x08001e74   0x08001e74   0x00000064   Code   RO          644    i.UART_WaitOnFlagUntilTimeout  stm32f1xx_hal_uart.o
    0x08001ed8   0x08001ed8   0x00000002   Code   RO         1953    i.UsageFault_Handler  stm32f1xx_it.o
    0x08001eda   0x08001eda   0x00000002   PAD
    0x08001edc   0x08001edc   0x00000028   Code   RO         2474    i.__0sprintf        mc_w.l(printfa.o)
    0x08001f04   0x08001f04   0x00000028   Code   RO         2532    i.__ARM_fpclassify  m_ws.l(fpclassify.o)
    0x08001f2c   0x08001f2c   0x000000aa   Code   RO         2534    i.__kernel_poly     m_ws.l(poly.o)
    0x08001fd6   0x08001fd6   0x00000002   PAD
    0x08001fd8   0x08001fd8   0x00000010   Code   RO         2518    i.__mathlib_dbl_divzero  m_ws.l(dunder.o)
    0x08001fe8   0x08001fe8   0x00000004   Code   RO         2520    i.__mathlib_dbl_infnan2  m_ws.l(dunder.o)
    0x08001fec   0x08001fec   0x0000000c   Code   RO         2521    i.__mathlib_dbl_invalid  m_ws.l(dunder.o)
    0x08001ff8   0x08001ff8   0x0000000e   Code   RO         2522    i.__mathlib_dbl_overflow  m_ws.l(dunder.o)
    0x08002006   0x08002006   0x00000002   PAD
    0x08002008   0x08002008   0x00000010   Code   RO         2524    i.__mathlib_dbl_underflow  m_ws.l(dunder.o)
    0x08002018   0x08002018   0x0000000e   Code   RO         2595    i.__scatterload_copy  mc_w.l(handlers.o)
    0x08002026   0x08002026   0x00000002   Code   RO         2596    i.__scatterload_null  mc_w.l(handlers.o)
    0x08002028   0x08002028   0x0000000e   Code   RO         2597    i.__scatterload_zeroinit  mc_w.l(handlers.o)
    0x08002036   0x08002036   0x00000002   PAD
    0x08002038   0x08002038   0x0000000c   Code   RO         2569    i.__set_errno       mc_w.l(errno.o)
    0x08002044   0x08002044   0x00000184   Code   RO         2479    i._fp_digits        mc_w.l(printfa.o)
    0x080021c8   0x080021c8   0x000006dc   Code   RO         2480    i._printf_core      mc_w.l(printfa.o)
    0x080028a4   0x080028a4   0x00000024   Code   RO         2481    i._printf_post_padding  mc_w.l(printfa.o)
    0x080028c8   0x080028c8   0x0000002e   Code   RO         2482    i._printf_pre_padding  mc_w.l(printfa.o)
    0x080028f6   0x080028f6   0x0000000a   Code   RO         2484    i._sputc            mc_w.l(printfa.o)
    0x08002900   0x08002900   0x000000c8   Code   RO         2072    i.bmp280_init       bmp280.o
    0x080029c8   0x080029c8   0x00000012   Code   RO         2073    i.bmp280_init_default_params  bmp280.o
    0x080029da   0x080029da   0x0000010e   Code   RO         2075    i.bmp280_read_fixed  bmp280.o
    0x08002ae8   0x08002ae8   0x00000054   Code   RO         2076    i.bmp280_read_float  bmp280.o
    0x08002b3c   0x08002b3c   0x0000015c   Code   RO         2077    i.compensate_pressure  bmp280.o
    0x08002c98   0x08002c98   0x0000027c   Code   RO         1818    i.main              main.o
    0x08002f14   0x08002f14   0x000009d8   Code   RO         2214    i.pow               m_ws.l(pow.o)
    0x080038ec   0x080038ec   0x000000b0   Code   RO         2078    i.read_calibration_data  bmp280.o
    0x0800399c   0x0800399c   0x0000002a   Code   RO         2079    i.read_data         bmp280.o
    0x080039c6   0x080039c6   0x00000078   Code   RO         2080    i.read_hum_calibration_data  bmp280.o
    0x08003a3e   0x08003a3e   0x00000038   Code   RO         2081    i.read_register16   bmp280.o
    0x08003a76   0x08003a76   0x0000004c   Code   RO         2538    i.sqrt              m_ws.l(sqrt.o)
    0x08003ac2   0x08003ac2   0x0000002e   Code   RO         2082    i.write_register8   bmp280.o
    0x08003af0   0x08003af0   0x00000010   Data   RO            6    .constdata          system_stm32f1xx.o
    0x08003b00   0x08003b00   0x00000008   Data   RO            7    .constdata          system_stm32f1xx.o
    0x08003b08   0x08003b08   0x00000088   Data   RO         2215    .constdata          m_ws.l(pow.o)
    0x08003b90   0x08003b90   0x00000008   Data   RO         2536    .constdata          m_ws.l(qnan.o)
    0x08003b98   0x08003b98   0x00000020   Data   RO         2593    Region$$Table       anon$$obj.o


    Execution Region RW_IRAM1 (Exec base: 0x20000000, Load base: 0x08003bb8, Size: 0x000005f8, Max: 0x00005000, ABSOLUTE)

    Exec Addr    Load Addr    Size         Type   Attr      Idx    E Section Name        Object

    0x20000000   0x08003bb8   0x00000004   Data   RW            8    .data               system_stm32f1xx.o
    0x20000004   0x08003bbc   0x0000000c   Data   RW          940    .data               stm32f1xx_hal.o
    0x20000010   0x08003bc8   0x00000018   Data   RW         1820    .data               main.o
    0x20000028   0x08003be0   0x00000004   Data   RW         2570    .data               mc_w.l(errno.o)
    0x2000002c        -       0x000001c8   Zero   RW         1819    .bss                main.o
    0x200001f4   0x08003be4   0x00000004   PAD
    0x200001f8        -       0x00000400   Zero   RW         1805    STACK               startup_stm32f103xb.o


==============================================================================

Image component sizes


      Code (inc. data)   RO Data    RW Data    ZI Data      Debug   Object Name

      1360         10          0          0          0       9447   bmp280.o
       824        230          0         24        456     409137   main.o
        36          8        236          0       1024        748   startup_stm32f103xb.o
       164         28          0         12          0       5713   stm32f1xx_hal.o
       172         14          0          0          0      25006   stm32f1xx_hal_cortex.o
       454         36          0          0          0       2812   stm32f1xx_hal_gpio.o
      2106         46          0          0          0      12350   stm32f1xx_hal_i2c.o
       264         32          0          0          0       2103   stm32f1xx_hal_msp.o
      1308         98          0          0          0       5084   stm32f1xx_hal_rcc.o
       752          4          0          0          0       3804   stm32f1xx_hal_uart.o
        20          0          0          0          0       3578   stm32f1xx_it.o
        72         16         24          4          0     412791   system_stm32f1xx.o

    ----------------------------------------------------------------------
      7542        522        292         40       1484     892573   Object Totals
         0          0         32          0          0          0   (incl. Generated)
        10          0          0          0          4          0   (incl. Padding)

    ----------------------------------------------------------------------

      Code (inc. data)   RO Data    RW Data    ZI Data      Debug   Library Member Name

        62         10          0          0          0        340   dunder.o
        40          0          0          0          0         68   fpclassify.o
       170          0          0          0          0         96   poly.o
      2520        190        136          0          0        324   pow.o
         0          0          8          0          0          0   qnan.o
        76          0          0          0          0         84   sqrt.o
         0          0          0          0          0          0   entry.o
         0          0          0          0          0          0   entry10a.o
         0          0          0          0          0          0   entry11a.o
         8          4          0          0          0          0   entry2.o
         4          0          0          0          0          0   entry5.o
         0          0          0          0          0          0   entry7b.o
         0          0          0          0          0          0   entry8b.o
         8          4          0          0          0          0   entry9a.o
        12          6          0          4          0         68   errno.o
        30          0          0          0          0          0   handlers.o
        36          8          0          0          0         68   init.o
         0          0          0          0          0          0   iusefp.o
        98          0          0          0          0         84   ldiv.o
        30          0          0          0          0         68   llshl.o
        36          0          0          0          0         68   llsshr.o
        32          0          0          0          0         68   llushr.o
        36          0          0          0          0        108   memseta.o
      2276         86          0          0          0        520   printfa.o
        44          0          0          0          0         80   uidiv.o
        98          0          0          0          0         92   uldiv.o
        48          0          0          0          0         68   cdrcmple.o
        56          0          0          0          0         88   d2f.o
       334          0          0          0          0        148   dadd.o
       222          0          0          0          0        100   ddiv.o
       186          0          0          0          0        176   depilogue.o
        48          0          0          0          0         68   dfixul.o
        34          0          0          0          0         76   dflti.o
       228          0          0          0          0         96   dmul.o
        46          0          0          0          0         80   dscalb.o
       162          0          0          0          0        100   dsqrt.o
        38          0          0          0          0         68   f2d.o
       124          0          0          0          0         88   fdiv.o
       110          0          0          0          0        168   fepilogue.o
        18          0          0          0          0         68   fflti.o
        10          0          0          0          0         68   ffltui.o
        24          0          0          0          0         68   fscalb.o

    ----------------------------------------------------------------------
      7310        308        144          4          0       3664   Library Totals
         6          0          0          0          0          0   (incl. Padding)

    ----------------------------------------------------------------------

      Code (inc. data)   RO Data    RW Data    ZI Data      Debug   Library Name

      2868        200        144          0          0        912   m_ws.l
      2748        108          0          4          0       1224   mc_w.l
      1688          0          0          0          0       1528   mf_w.l

    ----------------------------------------------------------------------
      7310        308        144          4          0       3664   Library Totals

    ----------------------------------------------------------------------

==============================================================================


      Code (inc. data)   RO Data    RW Data    ZI Data      Debug   

     14852        830        436         44       1484     891605   Grand Totals
     14852        830        436         44       1484     891605   ELF Image Totals
     14852        830        436         44          0          0   ROM Totals

==============================================================================

    Total RO  Size (Code + RO Data)                15288 (  14.93kB)
    Total RW  Size (RW Data + ZI Data)              1528 (   1.49kB)
    Total ROM Size (Code + RO Data + RW Data)      15332 (  14.97kB)

==============================================================================

